Archive member included to satisfy reference by file (symbol)

C:/ST/STM32CubeIDE_1.14.1/STM32CubeIDE/plugins/com.st.stm32cube.ide.mcu.externaltools.gnu-tools-for-stm32.11.3.rel1.win32_1.1.100.202309141235/tools/bin/../lib/gcc/arm-none-eabi/11.3.1/../../../../arm-none-eabi/lib/thumb/v7e-m+fp/hard\libc_nano.a(libc_a-exit.o)
                              C:/ST/STM32CubeIDE_1.14.1/STM32CubeIDE/plugins/com.st.stm32cube.ide.mcu.externaltools.gnu-tools-for-stm32.11.3.rel1.win32_1.1.100.202309141235/tools/bin/../lib/gcc/arm-none-eabi/11.3.1/../../../../arm-none-eabi/lib/thumb/v7e-m+fp/hard/crt0.o (exit)
C:/ST/STM32CubeIDE_1.14.1/STM32CubeIDE/plugins/com.st.stm32cube.ide.mcu.externaltools.gnu-tools-for-stm32.11.3.rel1.win32_1.1.100.202309141235/tools/bin/../lib/gcc/arm-none-eabi/11.3.1/../../../../arm-none-eabi/lib/thumb/v7e-m+fp/hard\libc_nano.a(libc_a-findfp.o)
                              C:/ST/STM32CubeIDE_1.14.1/STM32CubeIDE/plugins/com.st.stm32cube.ide.mcu.externaltools.gnu-tools-for-stm32.11.3.rel1.win32_1.1.100.202309141235/tools/bin/../lib/gcc/arm-none-eabi/11.3.1/../../../../arm-none-eabi/lib/thumb/v7e-m+fp/hard\libc_nano.a(libc_a-exit.o) (__stdio_exit_handler)
C:/ST/STM32CubeIDE_1.14.1/STM32CubeIDE/plugins/com.st.stm32cube.ide.mcu.externaltools.gnu-tools-for-stm32.11.3.rel1.win32_1.1.100.202309141235/tools/bin/../lib/gcc/arm-none-eabi/11.3.1/../../../../arm-none-eabi/lib/thumb/v7e-m+fp/hard\libc_nano.a(libc_a-fwalk.o)
                              C:/ST/STM32CubeIDE_1.14.1/STM32CubeIDE/plugins/com.st.stm32cube.ide.mcu.externaltools.gnu-tools-for-stm32.11.3.rel1.win32_1.1.100.202309141235/tools/bin/../lib/gcc/arm-none-eabi/11.3.1/../../../../arm-none-eabi/lib/thumb/v7e-m+fp/hard\libc_nano.a(libc_a-findfp.o) (_fwalk_sglue)
C:/ST/STM32CubeIDE_1.14.1/STM32CubeIDE/plugins/com.st.stm32cube.ide.mcu.externaltools.gnu-tools-for-stm32.11.3.rel1.win32_1.1.100.202309141235/tools/bin/../lib/gcc/arm-none-eabi/11.3.1/../../../../arm-none-eabi/lib/thumb/v7e-m+fp/hard\libc_nano.a(libc_a-stdio.o)
                              C:/ST/STM32CubeIDE_1.14.1/STM32CubeIDE/plugins/com.st.stm32cube.ide.mcu.externaltools.gnu-tools-for-stm32.11.3.rel1.win32_1.1.100.202309141235/tools/bin/../lib/gcc/arm-none-eabi/11.3.1/../../../../arm-none-eabi/lib/thumb/v7e-m+fp/hard\libc_nano.a(libc_a-findfp.o) (__sread)
C:/ST/STM32CubeIDE_1.14.1/STM32CubeIDE/plugins/com.st.stm32cube.ide.mcu.externaltools.gnu-tools-for-stm32.11.3.rel1.win32_1.1.100.202309141235/tools/bin/../lib/gcc/arm-none-eabi/11.3.1/../../../../arm-none-eabi/lib/thumb/v7e-m+fp/hard\libc_nano.a(libc_a-memset.o)
                              C:/ST/STM32CubeIDE_1.14.1/STM32CubeIDE/plugins/com.st.stm32cube.ide.mcu.externaltools.gnu-tools-for-stm32.11.3.rel1.win32_1.1.100.202309141235/tools/bin/../lib/gcc/arm-none-eabi/11.3.1/../../../../arm-none-eabi/lib/thumb/v7e-m+fp/hard/crt0.o (memset)
C:/ST/STM32CubeIDE_1.14.1/STM32CubeIDE/plugins/com.st.stm32cube.ide.mcu.externaltools.gnu-tools-for-stm32.11.3.rel1.win32_1.1.100.202309141235/tools/bin/../lib/gcc/arm-none-eabi/11.3.1/../../../../arm-none-eabi/lib/thumb/v7e-m+fp/hard\libc_nano.a(libc_a-closer.o)
                              C:/ST/STM32CubeIDE_1.14.1/STM32CubeIDE/plugins/com.st.stm32cube.ide.mcu.externaltools.gnu-tools-for-stm32.11.3.rel1.win32_1.1.100.202309141235/tools/bin/../lib/gcc/arm-none-eabi/11.3.1/../../../../arm-none-eabi/lib/thumb/v7e-m+fp/hard\libc_nano.a(libc_a-stdio.o) (_close_r)
C:/ST/STM32CubeIDE_1.14.1/STM32CubeIDE/plugins/com.st.stm32cube.ide.mcu.externaltools.gnu-tools-for-stm32.11.3.rel1.win32_1.1.100.202309141235/tools/bin/../lib/gcc/arm-none-eabi/11.3.1/../../../../arm-none-eabi/lib/thumb/v7e-m+fp/hard\libc_nano.a(libc_a-reent.o)
                              C:/ST/STM32CubeIDE_1.14.1/STM32CubeIDE/plugins/com.st.stm32cube.ide.mcu.externaltools.gnu-tools-for-stm32.11.3.rel1.win32_1.1.100.202309141235/tools/bin/../lib/gcc/arm-none-eabi/11.3.1/../../../../arm-none-eabi/lib/thumb/v7e-m+fp/hard\libc_nano.a(libc_a-closer.o) (errno)
C:/ST/STM32CubeIDE_1.14.1/STM32CubeIDE/plugins/com.st.stm32cube.ide.mcu.externaltools.gnu-tools-for-stm32.11.3.rel1.win32_1.1.100.202309141235/tools/bin/../lib/gcc/arm-none-eabi/11.3.1/../../../../arm-none-eabi/lib/thumb/v7e-m+fp/hard\libc_nano.a(libc_a-impure.o)
                              C:/ST/STM32CubeIDE_1.14.1/STM32CubeIDE/plugins/com.st.stm32cube.ide.mcu.externaltools.gnu-tools-for-stm32.11.3.rel1.win32_1.1.100.202309141235/tools/bin/../lib/gcc/arm-none-eabi/11.3.1/../../../../arm-none-eabi/lib/thumb/v7e-m+fp/hard\libc_nano.a(libc_a-reent.o) (_impure_ptr)
C:/ST/STM32CubeIDE_1.14.1/STM32CubeIDE/plugins/com.st.stm32cube.ide.mcu.externaltools.gnu-tools-for-stm32.11.3.rel1.win32_1.1.100.202309141235/tools/bin/../lib/gcc/arm-none-eabi/11.3.1/../../../../arm-none-eabi/lib/thumb/v7e-m+fp/hard\libc_nano.a(libc_a-lseekr.o)
[...]
Memory Configuration

Name             Origin             Length             Attributes
RAM              0x0000000020000000 0x0000000000010000 xrw
FLASH            0x0000000008000000 0x0000000000040000 xr
*default*        0x0000000000000000 0xffffffffffffffff

Linker script and memory map

LOAD C:/ST/STM32CubeIDE_1.14.1/STM32CubeIDE/plugins/com.st.stm32cube.ide.mcu.externaltools.gnu-tools-for-stm32.11.3.rel1.win32_1.1.100.202309141235/tools/bin/../lib/gcc/arm-none-eabi/11.3.1/thumb/v7e-m+fp/hard/crti.o
LOAD C:/ST/STM32CubeIDE_1.14.1/STM32CubeIDE/plugins/com.st.stm32cube.ide.mcu.externaltools.gnu-tools-for-stm32.11.3.rel1.win32_1.1.100.202309141235/tools/bin/../lib/gcc/arm-none-eabi/11.3.1/thumb/v7e-m+fp/hard/crtbegin.o
LOAD C:/ST/STM32CubeIDE_1.14.1/STM32CubeIDE/plugins/com.st.stm32cube.ide.mcu.externaltools.gnu-tools-for-stm32.11.3.rel1.win32_1.1.100.202309141235/tools/bin/../lib/gcc/arm-none-eabi/11.3.1/../../../../arm-none-eabi/lib/thumb/v7e-m+fp/hard/crt0.o
LOAD ./Src/APP/TEST/gpio_test.o
LOAD ./Src/APP/TEST/led_switch_test.o
LOAD ./Src/APP/TEST/rcc_test.o
LOAD ./Src/HAL/LED/LED.o
LOAD ./Src/HAL/LED/LED_config.o
LOAD ./Src/HAL/SWITCH/SWITCH.o
LOAD ./Src/HAL/SWITCH/SWITCH_config.o
LOAD ./Src/MCAL/GPIO/GPIO.o
LOAD ./Src/MCAL/RCC/RCC.o
LOAD ./Startup/startup_stm32f401ccux.o
START GROUP
LOAD C:/ST/STM32CubeIDE_1.14.1/STM32CubeIDE/plugins/com.st.stm32cube.ide.mcu.externaltools.gnu-tools-for-stm32.11.3.rel1.win32_1.1.100.202309141235/tools/bin/../lib/gcc/arm-none-eabi/11.3.1/../../../../arm-none-eabi/lib/thumb/v7e-m+fp/hard\libc_nano.a
LOAD C:/ST/STM32CubeIDE_1.14.1/STM32CubeIDE/plugins/com.st.stm32cube.ide.mcu.externaltools.gnu-tools-for-stm32.11.3.rel1.win32_1.1.100.202309141235/tools/bin/../lib/gcc/arm-none-eabi/11.3.1/../../../../arm-none-eabi/lib/thumb/v7e-m+fp/hard\libm.a
END GROUP
START GROUP
LOAD C:/ST/STM32CubeIDE_1.14.1/STM32CubeIDE/plugins/com.st.stm32cube.ide.mcu.externaltools.gnu-tools-for-stm32.11.3.rel1.win32_1.1.100.202309141235/tools/bin/../lib/gcc/arm-none-eabi/11.3.1/thumb/v7e-m+fp/hard\libgcc.a
LOAD C:/ST/STM32CubeIDE_1.14.1/STM32CubeIDE/plugins/com.st.stm32cube.ide.mcu.externaltools.gnu-tools-for-stm32.11.3.rel1.win32_1.1.100.202309141235/tools/bin/../lib/gcc/arm-none-eabi/11.3.1/../../../../arm-none-eabi/lib/thumb/v7e-m+fp/hard\libc_nano.a
END GROUP
START GROUP
LOAD C:/ST/STM32CubeIDE_1.14.1/STM32CubeIDE/plugins/com.st.stm32cube.ide.mcu.externaltools.gnu-tools-for-stm32.11.3.rel1.win32_1.1.100.202309141235/tools/bin/../lib/gcc/arm-none-eabi/11.3.1/thumb/v7e-m+fp/hard\libgcc.a
LOAD C:/ST/STM32CubeIDE_1.14.1/STM32CubeIDE/plugins/com.st.stm32cube.ide.mcu.externaltools.gnu-tools-for-stm32.11.3.rel1.win32_1.1.100.202309141235/tools/bin/../lib/gcc/arm-none-eabi/11.3.1/../../../../arm-none-eabi/lib/thumb/v7e-m+fp/hard\libc_nano.a
LOAD C:/ST/STM32CubeIDE_1.14.1/STM32CubeIDE/plugins/com.st.stm32cube.ide.mcu.externaltools.gnu-tools-for-stm32.11.3.rel1.win32_1.1.100.202309141235/tools/bin/../lib/gcc/arm-none-eabi/11.3.1/../../../../arm-none-eabi/lib/thumb/v7e-m+fp/hard\libnosys.a
END GROUP
START GROUP
LOAD C:/ST/STM32CubeIDE_1.14.1/STM32CubeIDE/plugins/com.st.stm32cube.ide.mcu.externaltools.gnu-tools-for-stm32.11.3.rel1.win32_1.1.100.202309141235/tools/bin/../lib/gcc/arm-none-eabi/11.3.1/thumb/v7e-m+fp/hard\libgcc.a
LOAD C:/ST/STM32CubeIDE_1.14.1/STM32CubeIDE/plugins/com.st.stm32cube.ide.mcu.externaltools.gnu-tools-for-stm32.11.3.rel1.win32_1.1.100.202309141235/tools/bin/../lib/gcc/arm-none-eabi/11.3.1/../../../../arm-none-eabi/lib/thumb/v7e-m+fp/hard\libc_nano.a
LOAD C:/ST/STM32CubeIDE_1.14.1/STM32CubeIDE/plugins/com.st.stm32cube.ide.mcu.externaltools.gnu-tools-for-stm32.11.3.rel1.win32_1.1.100.202309141235/tools/bin/../lib/gcc/arm-none-eabi/11.3.1/../../../../arm-none-eabi/lib/thumb/v7e-m+fp/hard\libnosys.a
END GROUP
LOAD C:/ST/STM32CubeIDE_1.14.1/STM32CubeIDE/plugins/com.st.stm32cube.ide.mcu.externaltools.gnu-tools-for-stm32.11.3.rel1.win32_1.1.100.202309141235/tools/bin/../lib/gcc/arm-none-eabi/11.3.1/thumb/v7e-m+fp/hard/crtend.o
LOAD C:/ST/STM32CubeIDE_1.14.1/STM32CubeIDE/plugins/com.st.stm32cube.ide.mcu.externaltools.gnu-tools-for-stm32.11.3.rel1.win32_1.1.100.202309141235/tools/bin/../lib/gcc/arm-none-eabi/11.3.1/thumb/v7e-m+fp/hard/crtn.o
                0x0000000020010000                _estack = (ORIGIN (RAM) + LENGTH (RAM))
                0x0000000000000200                _Min_Heap_Size = 0x200
                0x0000000000000400                _Min_Stack_Size = 0x400

.isr_vector     0x0000000008000000      0x194
                0x0000000008000000                . = ALIGN (0x4)
 *(.isr_vector)
 .isr_vector    0x0000000008000000      0x194 ./Startup/startup_stm32f401ccux.o
                0x0000000008000000                g_pfnVectors
                0x0000000008000194                . = ALIGN (0x4)

.text           0x0000000008000194      0x74c
                0x0000000008000194                . = ALIGN (0x4)
 *(.text)
 .text          0x0000000008000194       0x40 C:/ST/STM32CubeIDE_1.14.1/STM32CubeIDE/plugins/com.st.stm32cube.ide.mcu.externaltools.gnu-tools-for-stm32.11.3.rel1.win32_1.1.100.202309141235/tools/bin/../lib/gcc/arm-none-eabi/11.3.1/thumb/v7e-m+fp/hard/crtbegin.o
 *(.text*)
 .text.main     0x00000000080001d4       0x64 ./Src/APP/TEST/led_switch_test.o
                0x00000000080001d4                main
 .text.LED_Init
                0x0000000008000238       0x60 ./Src/HAL/LED/LED.o
                0x0000000008000238                LED_Init
 .text.LED_SetState
                0x0000000008000298       0x68 ./Src/HAL/LED/LED.o
                0x0000000008000298                LED_SetState
 .text.SWITCH_Init
                0x0000000008000300       0x6c ./Src/HAL/SWITCH/SWITCH.o
                0x0000000008000300                SWITCH_Init
 .text.SWITCH_GetSwitchState
                0x000000000800036c       0x6c ./Src/HAL/SWITCH/SWITCH.o
                0x000000000800036c                SWITCH_GetSwitchState
 .text.GPIO_Init
                0x00000000080003d8      0x1ca ./Src/MCAL/GPIO/GPIO.o
                0x00000000080003d8                GPIO_Init
 .text.GPIO_SetPinState
                0x00000000080005a2       0x52 ./Src/MCAL/GPIO/GPIO.o
                0x00000000080005a2                GPIO_SetPinState
 .text.GPIO_GetPin
                0x00000000080005f4       0x2e ./Src/MCAL/GPIO/GPIO.o
                0x00000000080005f4                GPIO_GetPin
 *fill*         0x0000000008000622        0x2 
 .text.RCC_EnableClk
                0x0000000008000624       0xf4 ./Src/MCAL/RCC/RCC.o
                0x0000000008000624                RCC_EnableClk
 .text.RCC_SetSystemClk
                0x0000000008000718       0x78 ./Src/MCAL/RCC/RCC.o
                0x0000000008000718                RCC_SetSystemClk
 .text.RCC_EnablePeripheral
                0x0000000008000790       0x9c ./Src/MCAL/RCC/RCC.o
                0x0000000008000790                RCC_EnablePeripheral
 .text.Reset_Handler
                0x000000000800082c       0x50 ./Startup/startup_stm32f401ccux.o
                0x000000000800082c                Reset_Handler
 .text.Default_Handler
                0x000000000800087c        0x2 ./Startup/startup_stm32f401ccux.o
                0x000000000800087c                EXTI2_IRQHandler
                0x000000000800087c                DebugMon_Handler
                0x000000000800087c                SPI4_IRQHandler
                0x000000000800087c                TIM1_CC_IRQHandler
                0x000000000800087c                DMA2_Stream5_IRQHandler
                0x000000000800087c                HardFault_Handler
                0x000000000800087c                DMA1_Stream5_IRQHandler
                0x000000000800087c                SysTick_Handler
                0x000000000800087c                SDIO_IRQHandler
                0x000000000800087c                TAMP_STAMP_IRQHandler
                0x000000000800087c                PendSV_Handler
                0x000000000800087c                NMI_Handler
                0x000000000800087c                EXTI3_IRQHandler
                0x000000000800087c                TIM1_UP_TIM10_IRQHandler
                0x000000000800087c                I2C3_ER_IRQHandler
                0x000000000800087c                EXTI18_OTG_FS_WKUP_IRQHandler
                0x000000000800087c                EXTI0_IRQHandler
                0x000000000800087c                I2C2_EV_IRQHandler
                0x000000000800087c                DMA1_Stream2_IRQHandler
                0x000000000800087c                UsageFault_Handler
                0x000000000800087c                DMA2_Stream2_IRQHandler
                0x000000000800087c                SPI1_IRQHandler
                0x000000000800087c                TIM1_BRK_TIM9_IRQHandler
                0x000000000800087c                DMA2_Stream3_IRQHandler
                0x000000000800087c                USART6_IRQHandler
                0x000000000800087c                DMA2_Stream0_IRQHandler
                0x000000000800087c                TIM4_IRQHandler
                0x000000000800087c                I2C1_EV_IRQHandler
                0x000000000800087c                DMA1_Stream6_IRQHandler
                0x000000000800087c                DMA1_Stream1_IRQHandler
                0x000000000800087c                TIM3_IRQHandler
                0x000000000800087c                RCC_IRQHandler
                0x000000000800087c                Default_Handler
                0x000000000800087c                EXTI15_10_IRQHandler
                0x000000000800087c                ADC_IRQHandler
                0x000000000800087c                DMA1_Stream7_IRQHandler
                0x000000000800087c                TIM5_IRQHandler
                0x000000000800087c                DMA2_Stream7_IRQHandler
                0x000000000800087c                I2C3_EV_IRQHandler
                0x000000000800087c                EXTI9_5_IRQHandler
                0x000000000800087c                SPI2_IRQHandler
                0x000000000800087c                MemManage_Handler
                0x000000000800087c                DMA1_Stream0_IRQHandler
                0x000000000800087c                SVC_Handler
                0x000000000800087c                EXTI4_IRQHandler
                0x000000000800087c                EXTI22_RTC_WKUP_IRQHandler
                0x000000000800087c                TIM2_IRQHandler
                0x000000000800087c                EXTI16_PVD_IRQHandler
                0x000000000800087c                TIM1_TRG_COM_TIM11_IRQHandler
                0x000000000800087c                EXTI1_IRQHandler
                0x000000000800087c                EXTI17_RTC_Alarm_IRQHandler
                0x000000000800087c                USART2_IRQHandler
                0x000000000800087c                I2C2_ER_IRQHandler
                0x000000000800087c                DMA2_Stream1_IRQHandler
                0x000000000800087c                FLASH_IRQHandler
                0x000000000800087c                DMA2_Stream4_IRQHandler
                0x000000000800087c                BusFault_Handler
                0x000000000800087c                USART1_IRQHandler
                0x000000000800087c                OTG_FS_IRQHandler
                0x000000000800087c                SPI3_IRQHandler
                0x000000000800087c                DMA1_Stream4_IRQHandler
                0x000000000800087c                I2C1_ER_IRQHandler
                0x000000000800087c                DMA2_Stream6_IRQHandler
                0x000000000800087c                DMA1_Stream3_IRQHandler
 *fill*         0x000000000800087e        0x2 
 .text.__libc_init_array
                0x0000000008000880       0x48 C:/ST/STM32CubeIDE_1.14.1/STM32CubeIDE/plugins/com.st.stm32cube.ide.mcu.externaltools.gnu-tools-for-stm32.11.3.rel1.win32_1.1.100.202309141235/tools/bin/../lib/gcc/arm-none-eabi/11.3.1/../../../../arm-none-eabi/lib/thumb/v7e-m+fp/hard\libc_nano.a(libc_a-init.o)
                0x0000000008000880                __libc_init_array
 *(.glue_7)
 .glue_7        0x00000000080008c8        0x0 linker stubs
 *(.glue_7t)
 .glue_7t       0x00000000080008c8        0x0 linker stubs
 *(.eh_frame)
 .eh_frame      0x00000000080008c8        0x0 C:/ST/STM32CubeIDE_1.14.1/STM32CubeIDE/plugins/com.st.stm32cube.ide.mcu.externaltools.gnu-tools-for-stm32.11.3.rel1.win32_1.1.100.202309141235/tools/bin/../lib/gcc/arm-none-eabi/11.3.1/thumb/v7e-m+fp/hard/crtbegin.o
 *(.init)
 .init          0x00000000080008c8        0x4 C:/ST/STM32CubeIDE_1.14.1/STM32CubeIDE/plugins/com.st.stm32cube.ide.mcu.externaltools.gnu-tools-for-stm32.11.3.rel1.win32_1.1.100.202309141235/tools/bin/../lib/gcc/arm-none-eabi/11.3.1/thumb/v7e-m+fp/hard/crti.o
                0x00000000080008c8                _init
 .init          0x00000000080008cc        0x8 C:/ST/STM32CubeIDE_1.14.1/STM32CubeIDE/plugins/com.st.stm32cube.ide.mcu.externaltools.gnu-tools-for-stm32.11.3.rel1.win32_1.1.100.202309141235/tools/bin/../lib/gcc/arm-none-eabi/11.3.1/thumb/v7e-m+fp/hard/crtn.o
 *(.fini)
 .fini          0x00000000080008d4        0x4 C:/ST/STM32CubeIDE_1.14.1/STM32CubeIDE/plugins/com.st.stm32cube.ide.mcu.externaltools.gnu-tools-for-stm32.11.3.rel1.win32_1.1.100.202309141235/tools/bin/../lib/gcc/arm-none-eabi/11.3.1/thumb/v7e-m+fp/hard/crti.o
                0x00000000080008d4                _fini
 .fini          0x00000000080008d8        0x8 C:/ST/STM32CubeIDE_1.14.1/STM32CubeIDE/plugins/com.st.stm32cube.ide.mcu.externaltools.gnu-tools-for-stm32.11.3.rel1.win32_1.1.100.202309141235/tools/bin/../lib/gcc/arm-none-eabi/11.3.1/thumb/v7e-m+fp/hard/crtn.o
                0x00000000080008e0                . = ALIGN (0x4)
                0x00000000080008e0                _etext = .

.vfp11_veneer   0x00000000080008e0        0x0
 .vfp11_veneer  0x00000000080008e0        0x0 linker stubs

.v4_bx          0x00000000080008e0        0x0
 .v4_bx         0x00000000080008e0        0x0 linker stubs

.iplt           0x00000000080008e0        0x0
 .iplt          0x00000000080008e0        0x0 C:/ST/STM32CubeIDE_1.14.1/STM32CubeIDE/plugins/com.st.stm32cube.ide.mcu.externaltools.gnu-tools-for-stm32.11.3.rel1.win32_1.1.100.202309141235/tools/bin/../lib/gcc/arm-none-eabi/11.3.1/thumb/v7e-m+fp/hard/crtbegin.o

.rodata         0x00000000080008e0       0x30
                0x00000000080008e0                . = ALIGN (0x4)
 *(.rodata)
 *(.rodata*)
 .rodata.Leds   0x00000000080008e0       0x18 ./Src/HAL/LED/LED_config.o
                0x00000000080008e0                Leds
 .rodata.Switches
                0x00000000080008f8       0x18 ./Src/HAL/SWITCH/SWITCH_config.o
                0x00000000080008f8                Switches
                0x0000000008000910                . = ALIGN (0x4)

.rel.dyn        0x0000000008000910        0x0
 .rel.iplt      0x0000000008000910        0x0 C:/ST/STM32CubeIDE_1.14.1/STM32CubeIDE/plugins/com.st.stm32cube.ide.mcu.externaltools.gnu-tools-for-stm32.11.3.rel1.win32_1.1.100.202309141235/tools/bin/../lib/gcc/arm-none-eabi/11.3.1/thumb/v7e-m+fp/hard/crtbegin.o

.ARM.extab      0x0000000008000910        0x0
                0x0000000008000910                . = ALIGN (0x4)
 *(.ARM.extab* .gnu.linkonce.armextab.*)
                0x0000000008000910                . = ALIGN (0x4)

.ARM            0x0000000008000910        0x0
                0x0000000008000910                . = ALIGN (0x4)
                0x0000000008000910                __exidx_start = .
 *(.ARM.exidx*)
                0x0000000008000910                __exidx_end = .
                0x0000000008000910                . = ALIGN (0x4)

.preinit_array  0x0000000008000910        0x0
                0x0000000008000910                . = ALIGN (0x4)
                0x0000000008000910                PROVIDE (__preinit_array_start = .)
 *(.preinit_array*)
                0x0000000008000910                PROVIDE (__preinit_array_end = .)
                0x0000000008000910                . = ALIGN (0x4)

.init_array     0x0000000008000910        0x4
                0x0000000008000910                . = ALIGN (0x4)
                0x0000000008000910                PROVIDE (__init_array_start = .)
 *(SORT_BY_NAME(.init_array.*))
 *(.init_array*)
 .init_array    0x0000000008000910        0x4 C:/ST/STM32CubeIDE_1.14.1/STM32CubeIDE/plugins/com.st.stm32cube.ide.mcu.externaltools.gnu-tools-for-stm32.11.3.rel1.win32_1.1.100.202309141235/tools/bin/../lib/gcc/arm-none-eabi/11.3.1/thumb/v7e-m+fp/hard/crtbegin.o
                0x0000000008000914                PROVIDE (__init_array_end = .)
                0x0000000008000914                . = ALIGN (0x4)

.fini_array     0x0000000008000914        0x4
                0x0000000008000914                . = ALIGN (0x4)
                [!provide]                        PROVIDE (__fini_array_start = .)
 *(SORT_BY_NAME(.fini_array.*))
 *(.fini_array*)
 .fini_array    0x0000000008000914        0x4 C:/ST/STM32CubeIDE_1.14.1/STM32CubeIDE/plugins/com.st.stm32cube.ide.mcu.externaltools.gnu-tools-for-stm32.11.3.rel1.win32_1.1.100.202309141235/tools/bin/../lib/gcc/arm-none-eabi/11.3.1/thumb/v7e-m+fp/hard/crtbegin.o
                [!provide]                        PROVIDE (__fini_array_end = .)
                0x0000000008000918                . = ALIGN (0x4)
                0x0000000008000918                _sidata = LOADADDR (.data)

.data           0x0000000020000000        0x0 load address 0x0000000008000918
                0x0000000020000000                . = ALIGN (0x4)
                0x0000000020000000                _sdata = .
 *(.data)
 *(.data*)
 *(.RamFunc)
 *(.RamFunc*)
                0x0000000020000000                . = ALIGN (0x4)
                0x0000000020000000                _edata = .

.igot.plt       0x0000000020000000        0x0 load address 0x0000000008000918
 .igot.plt      0x0000000020000000        0x0 C:/ST/STM32CubeIDE_1.14.1/STM32CubeIDE/plugins/com.st.stm32cube.ide.mcu.externaltools.gnu-tools-for-stm32.11.3.rel1.win32_1.1.100.202309141235/tools/bin/../lib/gcc/arm-none-eabi/11.3.1/thumb/v7e-m+fp/hard/crtbegin.o
                0x0000000020000000                . = ALIGN (0x4)

.bss            0x0000000020000000       0x1c load address 0x0000000008000918
                0x0000000020000000                _sbss = .
                0x0000000020000000                __bss_start__ = _sbss
 *(.bss)
 .bss           0x0000000020000000       0x1c C:/ST/STM32CubeIDE_1.14.1/STM32CubeIDE/plugins/com.st.stm32cube.ide.mcu.externaltools.gnu-tools-for-stm32.11.3.rel1.win32_1.1.100.202309141235/tools/bin/../lib/gcc/arm-none-eabi/11.3.1/thumb/v7e-m+fp/hard/crtbegin.o
 *(.bss*)
 *(COMMON)
                0x000000002000001c                . = ALIGN (0x4)
                0x000000002000001c                _ebss = .
                0x000000002000001c                __bss_end__ = _ebss

._user_heap_stack
                0x000000002000001c      0x604 load address 0x0000000008000918
                0x0000000020000020                . = ALIGN (0x8)
 *fill*         0x000000002000001c        0x4 
                0x0000000020000020                PROVIDE (end = .)
                [!provide]                        PROVIDE (_end = .)
                0x0000000020000220                . = (. + _Min_Heap_Size)
 *fill*         0x0000000020000020      0x200 
                0x0000000020000620                . = (. + _Min_Stack_Size)
 *fill*         0x0000000020000220      0x400 
                0x0000000020000620                . = ALIGN (0x8)

/DISCARD/
 libc.a(*)
 libm.a(*)
 libgcc.a(*)

.ARM.attributes
                0x0000000000000000       0x30
 *(.ARM.attributes)
 .ARM.attributes
                0x0000000000000000       0x1e C:/ST/STM32CubeIDE_1.14.1/STM32CubeIDE/plugins/com.st.stm32cube.ide.mcu.externaltools.gnu-tools-for-stm32.11.3.rel1.win32_1.1.100.202309141235/tools/bin/../lib/gcc/arm-none-eabi/11.3.1/thumb/v7e-m+fp/hard/crti.o
 .ARM.attributes
                0x000000000000001e       0x34 C:/ST/STM32CubeIDE_1.14.1/STM32CubeIDE/plugins/com.st.stm32cube.ide.mcu.externaltools.gnu-tools-for-stm32.11.3.rel1.win32_1.1.100.202309141235/tools/bin/../lib/gcc/arm-none-eabi/11.3.1/thumb/v7e-m+fp/hard/crtbegin.o
 .ARM.attributes
                0x0000000000000052       0x34 ./Src/APP/TEST/led_switch_test.o
 .ARM.attributes
                0x0000000000000086       0x34 ./Src/HAL/LED/LED.o
 .ARM.attributes
                0x00000000000000ba       0x34 ./Src/HAL/LED/LED_config.o
 .ARM.attributes
                0x00000000000000ee       0x34 ./Src/HAL/SWITCH/SWITCH.o
 .ARM.attributes
                0x0000000000000122       0x34 ./Src/HAL/SWITCH/SWITCH_config.o
 .ARM.attributes
                0x0000000000000156       0x34 ./Src/MCAL/GPIO/GPIO.o
 .ARM.attributes
                0x000000000000018a       0x34 ./Src/MCAL/RCC/RCC.o
 .ARM.attributes
                0x00000000000001be       0x21 ./Startup/startup_stm32f401ccux.o
 .ARM.attributes
                0x00000000000001df       0x34 C:/ST/STM32CubeIDE_1.14.1/STM32CubeIDE/plugins/com.st.stm32cube.ide.mcu.externaltools.gnu-tools-for-stm32.11.3.rel1.win32_1.1.100.202309141235/tools/bin/../lib/gcc/arm-none-eabi/11.3.1/../../../../arm-none-eabi/lib/thumb/v7e-m+fp/hard\libc_nano.a(libc_a-init.o)
 .ARM.attributes
                0x0000000000000213       0x1e C:/ST/STM32CubeIDE_1.14.1/STM32CubeIDE/plugins/com.st.stm32cube.ide.mcu.externaltools.gnu-tools-for-stm32.11.3.rel1.win32_1.1.100.202309141235/tools/bin/../lib/gcc/arm-none-eabi/11.3.1/thumb/v7e-m+fp/hard/crtn.o
OUTPUT(stm32f401Drivers.elf elf32-littlearm)
LOAD linker stubs
LOAD C:/ST/STM32CubeIDE_1.14.1/STM32CubeIDE/plugins/com.st.stm32cube.ide.mcu.externaltools.gnu-tools-for-stm32.11.3.rel1.win32_1.1.100.202309141235/tools/bin/../lib/gcc/arm-none-eabi/11.3.1/../../../../arm-none-eabi/lib/thumb/v7e-m+fp/hard\libc.a
LOAD C:/ST/STM32CubeIDE_1.14.1/STM32CubeIDE/plugins/com.st.stm32cube.ide.mcu.externaltools.gnu-tools-for-stm32.11.3.rel1.win32_1.1.100.202309141235/tools/bin/../lib/gcc/arm-none-eabi/11.3.1/../../../../arm-none-eabi/lib/thumb/v7e-m+fp/hard\libm.a
LOAD C:/ST/STM32CubeIDE_1.14.1/STM32CubeIDE/plugins/com.st.stm32cube.ide.mcu.externaltools.gnu-tools-for-stm32.11.3.rel1.win32_1.1.100.202309141235/tools/bin/../lib/gcc/arm-none-eabi/11.3.1/thumb/v7e-m+fp/hard\libgcc.a

.comment        0x0000000000000000       0x43
 .comment       0x0000000000000000       0x43 C:/ST/STM32CubeIDE_1.14.1/STM32CubeIDE/plugins/com.st.stm32cube.ide.mcu.externaltools.gnu-tools-for-stm32.11.3.rel1.win32_1.1.100.202309141235/tools/bin/../lib/gcc/arm-none-eabi/11.3.1/thumb/v7e-m+fp/hard/crtbegin.o
                                         0x44 (size before relaxing)
 .comment       0x0000000000000043       0x44 ./Src/APP/TEST/led_switch_test.o
 .comment       0x0000000000000043       0x44 ./Src/HAL/LED/LED.o
 .comment       0x0000000000000043       0x44 ./Src/HAL/LED/LED_config.o
 .comment       0x0000000000000043       0x44 ./Src/HAL/SWITCH/SWITCH.o
 .comment       0x0000000000000043       0x44 ./Src/HAL/SWITCH/SWITCH_config.o
 .comment       0x0000000000000043       0x44 ./Src/MCAL/GPIO/GPIO.o
 .comment       0x0000000000000043       0x44 ./Src/MCAL/RCC/RCC.o

.debug_info     0x0000000000000000     0x12f2
 .debug_info    0x0000000000000000      0x2a2 ./Src/APP/TEST/led_switch_test.o
 .debug_info    0x00000000000002a2      0x26c ./Src/HAL/LED/LED.o
 .debug_info    0x000000000000050e      0x119 ./Src/HAL/LED/LED_config.o
 .debug_info    0x0000000000000627      0x251 ./Src/HAL/SWITCH/SWITCH.o
 .debug_info    0x0000000000000878      0x10d ./Src/HAL/SWITCH/SWITCH_config.o
 .debug_info    0x0000000000000985      0x27c ./Src/MCAL/GPIO/GPIO.o
 .debug_info    0x0000000000000c01      0x6ce ./Src/MCAL/RCC/RCC.o
 .debug_info    0x00000000000012cf       0x23 ./Startup/startup_stm32f401ccux.o

.debug_abbrev   0x0000000000000000      0x6ec
 .debug_abbrev  0x0000000000000000       0xcb ./Src/APP/TEST/led_switch_test.o
 .debug_abbrev  0x00000000000000cb      0x14d ./Src/HAL/LED/LED.o
 .debug_abbrev  0x0000000000000218       0xbe ./Src/HAL/LED/LED_config.o
 .debug_abbrev  0x00000000000002d6      0x14a ./Src/HAL/SWITCH/SWITCH.o
 .debug_abbrev  0x0000000000000420       0xbe ./Src/HAL/SWITCH/SWITCH_config.o
 .debug_abbrev  0x00000000000004de       0xe3 ./Src/MCAL/GPIO/GPIO.o
 .debug_abbrev  0x00000000000005c1      0x119 ./Src/MCAL/RCC/RCC.o
 .debug_abbrev  0x00000000000006da       0x12 ./Startup/startup_stm32f401ccux.o

.debug_aranges  0x0000000000000000      0x160
 .debug_aranges
                0x0000000000000000       0x20 ./Src/APP/TEST/led_switch_test.o
 .debug_aranges
                0x0000000000000020       0x28 ./Src/HAL/LED/LED.o
 .debug_aranges
                0x0000000000000048       0x18 ./Src/HAL/LED/LED_config.o
 .debug_aranges
                0x0000000000000060       0x28 ./Src/HAL/SWITCH/SWITCH.o
 .debug_aranges
                0x0000000000000088       0x18 ./Src/HAL/SWITCH/SWITCH_config.o
 .debug_aranges
                0x00000000000000a0       0x30 ./Src/MCAL/GPIO/GPIO.o
 .debug_aranges
                0x00000000000000d0       0x68 ./Src/MCAL/RCC/RCC.o
 .debug_aranges
                0x0000000000000138       0x28 ./Startup/startup_stm32f401ccux.o

.debug_rnglists
                0x0000000000000000       0xcc
 .debug_rnglists
                0x0000000000000000       0x13 ./Src/APP/TEST/led_switch_test.o
 .debug_rnglists
                0x0000000000000013       0x19 ./Src/HAL/LED/LED.o
 .debug_rnglists
                0x000000000000002c       0x19 ./Src/HAL/SWITCH/SWITCH.o
 .debug_rnglists
                0x0000000000000045       0x20 ./Src/MCAL/GPIO/GPIO.o
 .debug_rnglists
                0x0000000000000065       0x4e ./Src/MCAL/RCC/RCC.o
 .debug_rnglists
                0x00000000000000b3       0x19 ./Startup/startup_stm32f401ccux.o

.debug_macro    0x0000000000000000      0x487
 .debug_macro   0x0000000000000000       0x55 ./Src/APP/TEST/led_switch_test.o
 .debug_macro   0x0000000000000055       0x16 ./Src/APP/TEST/led_switch_test.o
 .debug_macro   0x000000000000006b       0xac ./Src/APP/TEST/led_switch_test.o
 .debug_macro   0x0000000000000117       0x1c ./Src/APP/TEST/led_switch_test.o
 .debug_macro   0x0000000000000133       0x28 ./Src/APP/TEST/led_switch_test.o
 .debug_macro   0x000000000000015b       0x3c ./Src/HAL/LED/LED.o
 .debug_macro   0x0000000000000197      0x160 ./Src/HAL/LED/LED.o
 .debug_macro   0x00000000000002f7       0x3c ./Src/HAL/LED/LED_config.o
 .debug_macro   0x0000000000000333       0x42 ./Src/HAL/SWITCH/SWITCH.o
 .debug_macro   0x0000000000000375       0x3c ./Src/HAL/SWITCH/SWITCH_config.o
 .debug_macro   0x00000000000003b1       0x71 ./Src/MCAL/GPIO/GPIO.o
 .debug_macro   0x0000000000000422       0x65 ./Src/MCAL/RCC/RCC.o

.debug_line     0x0000000000000000      0xa93
 .debug_line    0x0000000000000000       0xfc ./Src/APP/TEST/led_switch_test.o
 .debug_line    0x00000000000000fc      0x113 ./Src/HAL/LED/LED.o
 .debug_line    0x000000000000020f       0x99 ./Src/HAL/LED/LED_config.o
 .debug_line    0x00000000000002a8      0x133 ./Src/HAL/SWITCH/SWITCH.o
 .debug_line    0x00000000000003db       0xa8 ./Src/HAL/SWITCH/SWITCH_config.o
 .debug_line    0x0000000000000483      0x1bf ./Src/MCAL/GPIO/GPIO.o
 .debug_line    0x0000000000000642      0x3d6 ./Src/MCAL/RCC/RCC.o
 .debug_line    0x0000000000000a18       0x7b ./Startup/startup_stm32f401ccux.o

.debug_str      0x0000000000000000     0x4388
 .debug_str     0x0000000000000000     0x3450 ./Src/APP/TEST/led_switch_test.o
                                       0x34c7 (size before relaxing)
 .debug_str     0x0000000000003450      0x6a5 ./Src/HAL/LED/LED.o
                                       0x360c (size before relaxing)
 .debug_str     0x0000000000003af5       0x1c ./Src/HAL/LED/LED_config.o
                                       0x354e (size before relaxing)
 .debug_str     0x0000000000003b11       0x8e ./Src/HAL/SWITCH/SWITCH.o
                                       0x36ba (size before relaxing)
 .debug_str     0x0000000000003b9f       0x22 ./Src/HAL/SWITCH/SWITCH_config.o
                                       0x35c7 (size before relaxing)
 .debug_str     0x0000000000003bc1      0x213 ./Src/MCAL/GPIO/GPIO.o
                                       0x36e0 (size before relaxing)
 .debug_str     0x0000000000003dd4      0x54a ./Src/MCAL/RCC/RCC.o
                                       0x37c0 (size before relaxing)
 .debug_str     0x000000000000431e       0x6a ./Startup/startup_stm32f401ccux.o

.debug_frame    0x0000000000000000      0x350
 .debug_frame   0x0000000000000000       0x30 ./Src/APP/TEST/led_switch_test.o
 .debug_frame   0x0000000000000030       0x5c ./Src/HAL/LED/LED.o
 .debug_frame   0x000000000000008c       0x58 ./Src/HAL/SWITCH/SWITCH.o
 .debug_frame   0x00000000000000e4       0x9c ./Src/MCAL/GPIO/GPIO.o
 .debug_frame   0x0000000000000180      0x1a4 ./Src/MCAL/RCC/RCC.o
 .debug_frame   0x0000000000000324       0x2c C:/ST/STM32CubeIDE_1.14.1/STM32CubeIDE/plugins/com.st.stm32cube.ide.mcu.externaltools.gnu-tools-for-stm32.11.3.rel1.win32_1.1.100.202309141235/tools/bin/../lib/gcc/arm-none-eabi/11.3.1/../../../../arm-none-eabi/lib/thumb/v7e-m+fp/hard\libc_nano.a(libc_a-init.o)

.debug_line_str
                0x0000000000000000       0x5e
 .debug_line_str
                0x0000000000000000       0x5e ./Startup/startup_stm32f401ccux.o
                                         0x76 (size before relaxing)
