Archive member included to satisfy reference by file (symbol)

C:/ST/STM32CubeIDE_1.14.1/STM32CubeIDE/plugins/com.st.stm32cube.ide.mcu.externaltools.gnu-tools-for-stm32.11.3.rel1.win32_1.1.100.202309141235/tools/bin/../lib/gcc/arm-none-eabi/11.3.1/../../../../arm-none-eabi/lib/thumb/v7e-m+fp/hard\libc_nano.a(libc_a-exit.o)
                              C:/ST/STM32CubeIDE_1.14.1/STM32CubeIDE/plugins/com.st.stm32cube.ide.mcu.externaltools.gnu-tools-for-stm32.11.3.rel1.win32_1.1.100.202309141235/tools/bin/../lib/gcc/arm-none-eabi/11.3.1/../../../../arm-none-eabi/lib/thumb/v7e-m+fp/hard/crt0.o (exit)
C:/ST/STM32CubeIDE_1.14.1/STM32CubeIDE/plugins/com.st.stm32cube.ide.mcu.externaltools.gnu-tools-for-stm32.11.3.rel1.win32_1.1.100.202309141235/tools/bin/../lib/gcc/arm-none-eabi/11.3.1/../../../../arm-none-eabi/lib/thumb/v7e-m+fp/hard\libc_nano.a(libc_a-findfp.o)
                              C:/ST/STM32CubeIDE_1.14.1/STM32CubeIDE/plugins/com.st.stm32cube.ide.mcu.externaltools.gnu-tools-for-stm32.11.3.rel1.win32_1.1.100.202309141235/tools/bin/../lib/gcc/arm-none-eabi/11.3.1/../../../../arm-none-eabi/lib/thumb/v7e-m+fp/hard\libc_nano.a(libc_a-exit.o) (__stdio_exit_handler)
C:/ST/STM32CubeIDE_1.14.1/STM32CubeIDE/plugins/com.st.stm32cube.ide.mcu.externaltools.gnu-tools-for-stm32.11.3.rel1.win32_1.1.100.202309141235/tools/bin/../lib/gcc/arm-none-eabi/11.3.1/../../../../arm-none-eabi/lib/thumb/v7e-m+fp/hard\libc_nano.a(libc_a-fwalk.o)
                              C:/ST/STM32CubeIDE_1.14.1/STM32CubeIDE/plugins/com.st.stm32cube.ide.mcu.externaltools.gnu-tools-for-stm32.11.3.rel1.win32_1.1.100.202309141235/tools/bin/../lib/gcc/arm-none-eabi/11.3.1/../../../../arm-none-eabi/lib/thumb/v7e-m+fp/hard\libc_nano.a(libc_a-findfp.o) (_fwalk_sglue)
C:/ST/STM32CubeIDE_1.14.1/STM32CubeIDE/plugins/com.st.stm32cube.ide.mcu.externaltools.gnu-tools-for-stm32.11.3.rel1.win32_1.1.100.202309141235/tools/bin/../lib/gcc/arm-none-eabi/11.3.1/../../../../arm-none-eabi/lib/thumb/v7e-m+fp/hard\libc_nano.a(libc_a-stdio.o)
                              C:/ST/STM32CubeIDE_1.14.1/STM32CubeIDE/plugins/com.st.stm32cube.ide.mcu.externaltools.gnu-tools-for-stm32.11.3.rel1.win32_1.1.100.202309141235/tools/bin/../lib/gcc/arm-none-eabi/11.3.1/../../../../arm-none-eabi/lib/thumb/v7e-m+fp/hard\libc_nano.a(libc_a-findfp.o) (__sread)
C:/ST/STM32CubeIDE_1.14.1/STM32CubeIDE/plugins/com.st.stm32cube.ide.mcu.externaltools.gnu-tools-for-stm32.11.3.rel1.win32_1.1.100.202309141235/tools/bin/../lib/gcc/arm-none-eabi/11.3.1/../../../../arm-none-eabi/lib/thumb/v7e-m+fp/hard\libc_nano.a(libc_a-memset.o)
                              C:/ST/STM32CubeIDE_1.14.1/STM32CubeIDE/plugins/com.st.stm32cube.ide.mcu.externaltools.gnu-tools-for-stm32.11.3.rel1.win32_1.1.100.202309141235/tools/bin/../lib/gcc/arm-none-eabi/11.3.1/../../../../arm-none-eabi/lib/thumb/v7e-m+fp/hard/crt0.o (memset)
C:/ST/STM32CubeIDE_1.14.1/STM32CubeIDE/plugins/com.st.stm32cube.ide.mcu.externaltools.gnu-tools-for-stm32.11.3.rel1.win32_1.1.100.202309141235/tools/bin/../lib/gcc/arm-none-eabi/11.3.1/../../../../arm-none-eabi/lib/thumb/v7e-m+fp/hard\libc_nano.a(libc_a-closer.o)
                              C:/ST/STM32CubeIDE_1.14.1/STM32CubeIDE/plugins/com.st.stm32cube.ide.mcu.externaltools.gnu-tools-for-stm32.11.3.rel1.win32_1.1.100.202309141235/tools/bin/../lib/gcc/arm-none-eabi/11.3.1/../../../../arm-none-eabi/lib/thumb/v7e-m+fp/hard\libc_nano.a(libc_a-stdio.o) (_close_r)
C:/ST/STM32CubeIDE_1.14.1/STM32CubeIDE/plugins/com.st.stm32cube.ide.mcu.externaltools.gnu-tools-for-stm32.11.3.rel1.win32_1.1.100.202309141235/tools/bin/../lib/gcc/arm-none-eabi/11.3.1/../../../../arm-none-eabi/lib/thumb/v7e-m+fp/hard\libc_nano.a(libc_a-reent.o)
                              C:/ST/STM32CubeIDE_1.14.1/STM32CubeIDE/plugins/com.st.stm32cube.ide.mcu.externaltools.gnu-tools-for-stm32.11.3.rel1.win32_1.1.100.202309141235/tools/bin/../lib/gcc/arm-none-eabi/11.3.1/../../../../arm-none-eabi/lib/thumb/v7e-m+fp/hard\libc_nano.a(libc_a-closer.o) (errno)
C:/ST/STM32CubeIDE_1.14.1/STM32CubeIDE/plugins/com.st.stm32cube.ide.mcu.externaltools.gnu-tools-for-stm32.11.3.rel1.win32_1.1.100.202309141235/tools/bin/../lib/gcc/arm-none-eabi/11.3.1/../../../../arm-none-eabi/lib/thumb/v7e-m+fp/hard\libc_nano.a(libc_a-impure.o)
                              C:/ST/STM32CubeIDE_1.14.1/STM32CubeIDE/plugins/com.st.stm32cube.ide.mcu.externaltools.gnu-tools-for-stm32.11.3.rel1.win32_1.1.100.202309141235/tools/bin/../lib/gcc/arm-none-eabi/11.3.1/../../../../arm-none-eabi/lib/thumb/v7e-m+fp/hard\libc_nano.a(libc_a-reent.o) (_impure_ptr)
C:/ST/STM32CubeIDE_1.14.1/STM32CubeIDE/plugins/com.st.stm32cube.ide.mcu.externaltools.gnu-tools-for-stm32.11.3.rel1.win32_1.1.100.202309141235/tools/bin/../lib/gcc/arm-none-eabi/11.3.1/../../../../arm-none-eabi/lib/thumb/v7e-m+fp/hard\libc_nano.a(libc_a-lseekr.o)
[...]
Memory Configuration

Name             Origin             Length             Attributes
RAM              0x0000000020000000 0x0000000000010000 xrw
FLASH            0x0000000008000000 0x0000000000040000 xr
*default*        0x0000000000000000 0xffffffffffffffff

Linker script and memory map

LOAD C:/ST/STM32CubeIDE_1.14.1/STM32CubeIDE/plugins/com.st.stm32cube.ide.mcu.externaltools.gnu-tools-for-stm32.11.3.rel1.win32_1.1.100.202309141235/tools/bin/../lib/gcc/arm-none-eabi/11.3.1/thumb/v7e-m+fp/hard/crti.o
LOAD C:/ST/STM32CubeIDE_1.14.1/STM32CubeIDE/plugins/com.st.stm32cube.ide.mcu.externaltools.gnu-tools-for-stm32.11.3.rel1.win32_1.1.100.202309141235/tools/bin/../lib/gcc/arm-none-eabi/11.3.1/thumb/v7e-m+fp/hard/crtbegin.o
LOAD C:/ST/STM32CubeIDE_1.14.1/STM32CubeIDE/plugins/com.st.stm32cube.ide.mcu.externaltools.gnu-tools-for-stm32.11.3.rel1.win32_1.1.100.202309141235/tools/bin/../lib/gcc/arm-none-eabi/11.3.1/../../../../arm-none-eabi/lib/thumb/v7e-m+fp/hard/crt0.o
LOAD ./Src/APP/TEST/gpio_test.o
LOAD ./Src/APP/TEST/lcd_test.o
LOAD ./Src/APP/TEST/led_switch_test.o
LOAD ./Src/APP/TEST/lin_test.o
LOAD ./Src/APP/TEST/rcc_test.o
LOAD ./Src/APP/TEST/uart_test.o
LOAD ./Src/APP/TrafficLights/blinkingLed.o
LOAD ./Src/APP/TrafficLights/main.o
LOAD ./Src/APP/TrafficLights/traffic.o
LOAD ./Src/COMM/LIN_MASTER/LIN_Master.o
LOAD ./Src/COMM/LIN_MASTER/LIN_MasterAppData.o
LOAD ./Src/COMM/LIN_MASTER/LIN_config.o
LOAD ./Src/COMM/LIN_SLAVE/LIN_Slave.o
LOAD ./Src/COMM/LIN_SLAVE/LIN_SlaveAppData.o
LOAD ./Src/COMM/LIN_SLAVE/LIN_Slave_config.o
LOAD ./Src/HAL/LCD/LCD.o
LOAD ./Src/HAL/LCD/LCD_config.o
LOAD ./Src/HAL/LED/LED.o
LOAD ./Src/HAL/LED/LED_config.o
LOAD ./Src/HAL/SWITCH/SWITCH.o
LOAD ./Src/HAL/SWITCH/SWITCH_config.o
LOAD ./Src/MCAL/GPIO/GPIO.o
LOAD ./Src/MCAL/NVIC/NVIC.o
LOAD ./Src/MCAL/RCC/RCC.o
LOAD ./Src/MCAL/SYSTICK/SYSTICK.o
LOAD ./Src/MCAL/UART/UART.o
LOAD ./Src/SERVICE/SCHED/SCHED.o
LOAD ./Src/SERVICE/SCHED/SCHED_config.o
LOAD ./Startup/startup_stm32f401ccux.o
START GROUP
LOAD C:/ST/STM32CubeIDE_1.14.1/STM32CubeIDE/plugins/com.st.stm32cube.ide.mcu.externaltools.gnu-tools-for-stm32.11.3.rel1.win32_1.1.100.202309141235/tools/bin/../lib/gcc/arm-none-eabi/11.3.1/../../../../arm-none-eabi/lib/thumb/v7e-m+fp/hard\libc_nano.a
LOAD C:/ST/STM32CubeIDE_1.14.1/STM32CubeIDE/plugins/com.st.stm32cube.ide.mcu.externaltools.gnu-tools-for-stm32.11.3.rel1.win32_1.1.100.202309141235/tools/bin/../lib/gcc/arm-none-eabi/11.3.1/../../../../arm-none-eabi/lib/thumb/v7e-m+fp/hard\libm.a
END GROUP
START GROUP
LOAD C:/ST/STM32CubeIDE_1.14.1/STM32CubeIDE/plugins/com.st.stm32cube.ide.mcu.externaltools.gnu-tools-for-stm32.11.3.rel1.win32_1.1.100.202309141235/tools/bin/../lib/gcc/arm-none-eabi/11.3.1/thumb/v7e-m+fp/hard\libgcc.a
LOAD C:/ST/STM32CubeIDE_1.14.1/STM32CubeIDE/plugins/com.st.stm32cube.ide.mcu.externaltools.gnu-tools-for-stm32.11.3.rel1.win32_1.1.100.202309141235/tools/bin/../lib/gcc/arm-none-eabi/11.3.1/../../../../arm-none-eabi/lib/thumb/v7e-m+fp/hard\libc_nano.a
END GROUP
START GROUP
LOAD C:/ST/STM32CubeIDE_1.14.1/STM32CubeIDE/plugins/com.st.stm32cube.ide.mcu.externaltools.gnu-tools-for-stm32.11.3.rel1.win32_1.1.100.202309141235/tools/bin/../lib/gcc/arm-none-eabi/11.3.1/thumb/v7e-m+fp/hard\libgcc.a
LOAD C:/ST/STM32CubeIDE_1.14.1/STM32CubeIDE/plugins/com.st.stm32cube.ide.mcu.externaltools.gnu-tools-for-stm32.11.3.rel1.win32_1.1.100.202309141235/tools/bin/../lib/gcc/arm-none-eabi/11.3.1/../../../../arm-none-eabi/lib/thumb/v7e-m+fp/hard\libc_nano.a
LOAD C:/ST/STM32CubeIDE_1.14.1/STM32CubeIDE/plugins/com.st.stm32cube.ide.mcu.externaltools.gnu-tools-for-stm32.11.3.rel1.win32_1.1.100.202309141235/tools/bin/../lib/gcc/arm-none-eabi/11.3.1/../../../../arm-none-eabi/lib/thumb/v7e-m+fp/hard\libnosys.a
END GROUP
START GROUP
LOAD C:/ST/STM32CubeIDE_1.14.1/STM32CubeIDE/plugins/com.st.stm32cube.ide.mcu.externaltools.gnu-tools-for-stm32.11.3.rel1.win32_1.1.100.202309141235/tools/bin/../lib/gcc/arm-none-eabi/11.3.1/thumb/v7e-m+fp/hard\libgcc.a
LOAD C:/ST/STM32CubeIDE_1.14.1/STM32CubeIDE/plugins/com.st.stm32cube.ide.mcu.externaltools.gnu-tools-for-stm32.11.3.rel1.win32_1.1.100.202309141235/tools/bin/../lib/gcc/arm-none-eabi/11.3.1/../../../../arm-none-eabi/lib/thumb/v7e-m+fp/hard\libc_nano.a
LOAD C:/ST/STM32CubeIDE_1.14.1/STM32CubeIDE/plugins/com.st.stm32cube.ide.mcu.externaltools.gnu-tools-for-stm32.11.3.rel1.win32_1.1.100.202309141235/tools/bin/../lib/gcc/arm-none-eabi/11.3.1/../../../../arm-none-eabi/lib/thumb/v7e-m+fp/hard\libnosys.a
END GROUP
LOAD C:/ST/STM32CubeIDE_1.14.1/STM32CubeIDE/plugins/com.st.stm32cube.ide.mcu.externaltools.gnu-tools-for-stm32.11.3.rel1.win32_1.1.100.202309141235/tools/bin/../lib/gcc/arm-none-eabi/11.3.1/thumb/v7e-m+fp/hard/crtend.o
LOAD C:/ST/STM32CubeIDE_1.14.1/STM32CubeIDE/plugins/com.st.stm32cube.ide.mcu.externaltools.gnu-tools-for-stm32.11.3.rel1.win32_1.1.100.202309141235/tools/bin/../lib/gcc/arm-none-eabi/11.3.1/thumb/v7e-m+fp/hard/crtn.o
                0x0000000020010000                _estack = (ORIGIN (RAM) + LENGTH (RAM))
                0x0000000000000200                _Min_Heap_Size = 0x200
                0x0000000000000400                _Min_Stack_Size = 0x400

.isr_vector     0x0000000008000000      0x194
                0x0000000008000000                . = ALIGN (0x4)
 *(.isr_vector)
 .isr_vector    0x0000000008000000      0x194 ./Startup/startup_stm32f401ccux.o
                0x0000000008000000                g_pfnVectors
                0x0000000008000194                . = ALIGN (0x4)

.text           0x0000000008000194     0x1878
                0x0000000008000194                . = ALIGN (0x4)
 *(.text)
 .text          0x0000000008000194       0x40 C:/ST/STM32CubeIDE_1.14.1/STM32CubeIDE/plugins/com.st.stm32cube.ide.mcu.externaltools.gnu-tools-for-stm32.11.3.rel1.win32_1.1.100.202309141235/tools/bin/../lib/gcc/arm-none-eabi/11.3.1/thumb/v7e-m+fp/hard/crtbegin.o
 *(.text*)
 .text.main     0x00000000080001d4       0x42 ./Src/APP/TEST/lcd_test.o
                0x00000000080001d4                main
 *fill*         0x0000000008000216        0x2 
 .text.lcdApp   0x0000000008000218       0x30 ./Src/APP/TEST/lcd_test.o
                0x0000000008000218                lcdApp
 .text.uartApp  0x0000000008000248        0xe ./Src/APP/TEST/lcd_test.o
                0x0000000008000248                uartApp
 .text.blinkingLed_Init
                0x0000000008000256       0x18 ./Src/APP/TrafficLights/blinkingLed.o
                0x0000000008000256                blinkingLed_Init
 *fill*         0x000000000800026e        0x2 
 .text.blinkingLed_Update
                0x0000000008000270       0x2c ./Src/APP/TrafficLights/blinkingLed.o
                0x0000000008000270                blinkingLed_Update
 .text.Latch    0x000000000800029c       0x80 ./Src/HAL/LCD/LCD.o
 .text.WriteCommand
                0x000000000800031c       0x34 ./Src/HAL/LCD/LCD.o
 .text.WriteData
                0x0000000008000350       0x34 ./Src/HAL/LCD/LCD.o
 .text.InitProcess
                0x0000000008000384      0x10c ./Src/HAL/LCD/LCD.o
 .text.WriteString
                0x0000000008000490       0xf4 ./Src/HAL/LCD/LCD.o
 .text.WriteBuffer
                0x0000000008000584       0xf0 ./Src/HAL/LCD/LCD.o
 .text.ClearScreen
                0x0000000008000674       0x64 ./Src/HAL/LCD/LCD.o
 .text.SetCursorPos
                0x00000000080006d8       0xd4 ./Src/HAL/LCD/LCD.o
 .text.SendCommand
                0x00000000080007ac       0x7c ./Src/HAL/LCD/LCD.o
 .text.OperationProcess
                0x0000000008000828       0xfc ./Src/HAL/LCD/LCD.o
 .text.LCD_Update
                0x0000000008000924       0x28 ./Src/HAL/LCD/LCD.o
                0x0000000008000924                LCD_Update
 .text.LCD_Init
                0x000000000800094c       0x98 ./Src/HAL/LCD/LCD.o
                0x000000000800094c                LCD_Init
 .text.LCD_WriteStringAsync
                0x00000000080009e4       0xa4 ./Src/HAL/LCD/LCD.o
                0x00000000080009e4                LCD_WriteStringAsync
 .text.LCD_SetCursorPosAsync
                0x0000000008000a88       0x9c ./Src/HAL/LCD/LCD.o
                0x0000000008000a88                LCD_SetCursorPosAsync
 .text.LCD_SendCommandAsync
                0x0000000008000b24       0x80 ./Src/HAL/LCD/LCD.o
                0x0000000008000b24                LCD_SendCommandAsync
 .text.LED_Init
                0x0000000008000ba4       0xf8 ./Src/HAL/LED/LED.o
                0x0000000008000ba4                LED_Init
 .text.LED_SetState
                0x0000000008000c9c       0x88 ./Src/HAL/LED/LED.o
                0x0000000008000c9c                LED_SetState
 .text.GPIO_Init
                0x0000000008000d24      0x344 ./Src/MCAL/GPIO/GPIO.o
                0x0000000008000d24                GPIO_Init
 .text.GPIO_SetPinState
                0x0000000008001068       0xa0 ./Src/MCAL/GPIO/GPIO.o
                0x0000000008001068                GPIO_SetPinState
 .text.RCC_EnableClk
                0x0000000008001108      0x15c ./Src/MCAL/RCC/RCC.o
                0x0000000008001108                RCC_EnableClk
 .text.RCC_SetSystemClk
                0x0000000008001264       0x78 ./Src/MCAL/RCC/RCC.o
                0x0000000008001264                RCC_SetSystemClk
 .text.RCC_EnablePeripheral
                0x00000000080012dc       0xc0 ./Src/MCAL/RCC/RCC.o
                0x00000000080012dc                RCC_EnablePeripheral
 .text.SYSTICK_SetTicks
                0x000000000800139c       0x38 ./Src/MCAL/SYSTICK/SYSTICK.o
 .text.SYSTICK_SetTimeMs
                0x00000000080013d4       0x5c ./Src/MCAL/SYSTICK/SYSTICK.o
                0x00000000080013d4                SYSTICK_SetTimeMs
 .text.SYSTICK_Start
                0x0000000008001430       0x5c ./Src/MCAL/SYSTICK/SYSTICK.o
                0x0000000008001430                SYSTICK_Start
 .text.SYSTICK_SetCallback
                0x000000000800148c       0x34 ./Src/MCAL/SYSTICK/SYSTICK.o
                0x000000000800148c                SYSTICK_SetCallback
 .text.SysTick_Handler
                0x00000000080014c0       0x1c ./Src/MCAL/SYSTICK/SYSTICK.o
                0x00000000080014c0                SysTick_Handler
 .text.USART1_IRQHandler
                0x00000000080014dc      0x11c ./Src/MCAL/UART/UART.o
                0x00000000080014dc                USART1_IRQHandler
 .text.USART2_IRQHandler
                0x00000000080015f8      0x11c ./Src/MCAL/UART/UART.o
                0x00000000080015f8                USART2_IRQHandler
 .text.USART6_IRQHandler
                0x0000000008001714      0x124 ./Src/MCAL/UART/UART.o
                0x0000000008001714                USART6_IRQHandler
 .text.SCHED_IncTicksPending
                0x0000000008001838       0x1c ./Src/SERVICE/SCHED/SCHED.o
 .text.SCHED_Scheduler
                0x0000000008001854       0x78 ./Src/SERVICE/SCHED/SCHED.o
 .text.SCHED_Init
                0x00000000080018cc       0x64 ./Src/SERVICE/SCHED/SCHED.o
                0x00000000080018cc                SCHED_Init
 .text.SCHED_Start
                0x0000000008001930       0x28 ./Src/SERVICE/SCHED/SCHED.o
                0x0000000008001930                SCHED_Start
 .text.Reset_Handler
                0x0000000008001958       0x50 ./Startup/startup_stm32f401ccux.o
                0x0000000008001958                Reset_Handler
 .text.Default_Handler
                0x00000000080019a8        0x2 ./Startup/startup_stm32f401ccux.o
                0x00000000080019a8                EXTI2_IRQHandler
                0x00000000080019a8                DebugMon_Handler
                0x00000000080019a8                SPI4_IRQHandler
                0x00000000080019a8                TIM1_CC_IRQHandler
                0x00000000080019a8                DMA2_Stream5_IRQHandler
                0x00000000080019a8                HardFault_Handler
                0x00000000080019a8                DMA1_Stream5_IRQHandler
                0x00000000080019a8                SDIO_IRQHandler
                0x00000000080019a8                TAMP_STAMP_IRQHandler
                0x00000000080019a8                PendSV_Handler
                0x00000000080019a8                NMI_Handler
                0x00000000080019a8                EXTI3_IRQHandler
                0x00000000080019a8                TIM1_UP_TIM10_IRQHandler
                0x00000000080019a8                I2C3_ER_IRQHandler
                0x00000000080019a8                EXTI18_OTG_FS_WKUP_IRQHandler
                0x00000000080019a8                EXTI0_IRQHandler
                0x00000000080019a8                I2C2_EV_IRQHandler
                0x00000000080019a8                DMA1_Stream2_IRQHandler
                0x00000000080019a8                UsageFault_Handler
                0x00000000080019a8                DMA2_Stream2_IRQHandler
                0x00000000080019a8                SPI1_IRQHandler
                0x00000000080019a8                TIM1_BRK_TIM9_IRQHandler
                0x00000000080019a8                DMA2_Stream3_IRQHandler
                0x00000000080019a8                DMA2_Stream0_IRQHandler
                0x00000000080019a8                TIM4_IRQHandler
                0x00000000080019a8                I2C1_EV_IRQHandler
                0x00000000080019a8                DMA1_Stream6_IRQHandler
                0x00000000080019a8                DMA1_Stream1_IRQHandler
                0x00000000080019a8                TIM3_IRQHandler
                0x00000000080019a8                RCC_IRQHandler
                0x00000000080019a8                Default_Handler
                0x00000000080019a8                EXTI15_10_IRQHandler
                0x00000000080019a8                ADC_IRQHandler
                0x00000000080019a8                DMA1_Stream7_IRQHandler
                0x00000000080019a8                TIM5_IRQHandler
                0x00000000080019a8                DMA2_Stream7_IRQHandler
                0x00000000080019a8                I2C3_EV_IRQHandler
                0x00000000080019a8                EXTI9_5_IRQHandler
                0x00000000080019a8                SPI2_IRQHandler
                0x00000000080019a8                MemManage_Handler
                0x00000000080019a8                DMA1_Stream0_IRQHandler
                0x00000000080019a8                SVC_Handler
                0x00000000080019a8                EXTI4_IRQHandler
                0x00000000080019a8                EXTI22_RTC_WKUP_IRQHandler
                0x00000000080019a8                TIM2_IRQHandler
                0x00000000080019a8                EXTI16_PVD_IRQHandler
                0x00000000080019a8                TIM1_TRG_COM_TIM11_IRQHandler
                0x00000000080019a8                EXTI1_IRQHandler
                0x00000000080019a8                EXTI17_RTC_Alarm_IRQHandler
                0x00000000080019a8                I2C2_ER_IRQHandler
                0x00000000080019a8                DMA2_Stream1_IRQHandler
                0x00000000080019a8                FLASH_IRQHandler
                0x00000000080019a8                DMA2_Stream4_IRQHandler
                0x00000000080019a8                BusFault_Handler
                0x00000000080019a8                OTG_FS_IRQHandler
                0x00000000080019a8                SPI3_IRQHandler
                0x00000000080019a8                DMA1_Stream4_IRQHandler
                0x00000000080019a8                I2C1_ER_IRQHandler
                0x00000000080019a8                DMA2_Stream6_IRQHandler
                0x00000000080019a8                DMA1_Stream3_IRQHandler
 *fill*         0x00000000080019aa        0x2 
 .text.__libc_init_array
                0x00000000080019ac       0x48 C:/ST/STM32CubeIDE_1.14.1/STM32CubeIDE/plugins/com.st.stm32cube.ide.mcu.externaltools.gnu-tools-for-stm32.11.3.rel1.win32_1.1.100.202309141235/tools/bin/../lib/gcc/arm-none-eabi/11.3.1/../../../../arm-none-eabi/lib/thumb/v7e-m+fp/hard\libc_nano.a(libc_a-init.o)
                0x00000000080019ac                __libc_init_array
 *(.glue_7)
 .glue_7        0x00000000080019f4        0x0 linker stubs
 *(.glue_7t)
 .glue_7t       0x00000000080019f4        0x0 linker stubs
 *(.eh_frame)
 .eh_frame      0x00000000080019f4        0x0 C:/ST/STM32CubeIDE_1.14.1/STM32CubeIDE/plugins/com.st.stm32cube.ide.mcu.externaltools.gnu-tools-for-stm32.11.3.rel1.win32_1.1.100.202309141235/tools/bin/../lib/gcc/arm-none-eabi/11.3.1/thumb/v7e-m+fp/hard/crtbegin.o
 *(.init)
 .init          0x00000000080019f4        0x4 C:/ST/STM32CubeIDE_1.14.1/STM32CubeIDE/plugins/com.st.stm32cube.ide.mcu.externaltools.gnu-tools-for-stm32.11.3.rel1.win32_1.1.100.202309141235/tools/bin/../lib/gcc/arm-none-eabi/11.3.1/thumb/v7e-m+fp/hard/crti.o
                0x00000000080019f4                _init
 .init          0x00000000080019f8        0x8 C:/ST/STM32CubeIDE_1.14.1/STM32CubeIDE/plugins/com.st.stm32cube.ide.mcu.externaltools.gnu-tools-for-stm32.11.3.rel1.win32_1.1.100.202309141235/tools/bin/../lib/gcc/arm-none-eabi/11.3.1/thumb/v7e-m+fp/hard/crtn.o
 *(.fini)
 .fini          0x0000000008001a00        0x4 C:/ST/STM32CubeIDE_1.14.1/STM32CubeIDE/plugins/com.st.stm32cube.ide.mcu.externaltools.gnu-tools-for-stm32.11.3.rel1.win32_1.1.100.202309141235/tools/bin/../lib/gcc/arm-none-eabi/11.3.1/thumb/v7e-m+fp/hard/crti.o
                0x0000000008001a00                _fini
 .fini          0x0000000008001a04        0x8 C:/ST/STM32CubeIDE_1.14.1/STM32CubeIDE/plugins/com.st.stm32cube.ide.mcu.externaltools.gnu-tools-for-stm32.11.3.rel1.win32_1.1.100.202309141235/tools/bin/../lib/gcc/arm-none-eabi/11.3.1/thumb/v7e-m+fp/hard/crtn.o
                0x0000000008001a0c                . = ALIGN (0x4)
                0x0000000008001a0c                _etext = .

.vfp11_veneer   0x0000000008001a0c        0x0
 .vfp11_veneer  0x0000000008001a0c        0x0 linker stubs

.v4_bx          0x0000000008001a0c        0x0
 .v4_bx         0x0000000008001a0c        0x0 linker stubs

.iplt           0x0000000008001a0c        0x0
 .iplt          0x0000000008001a0c        0x0 C:/ST/STM32CubeIDE_1.14.1/STM32CubeIDE/plugins/com.st.stm32cube.ide.mcu.externaltools.gnu-tools-for-stm32.11.3.rel1.win32_1.1.100.202309141235/tools/bin/../lib/gcc/arm-none-eabi/11.3.1/thumb/v7e-m+fp/hard/crtbegin.o

.rodata         0x0000000008001a0c       0x70
                0x0000000008001a0c                . = ALIGN (0x4)
 *(.rodata)
 .rodata        0x0000000008001a0c        0x6 ./Src/APP/TEST/lcd_test.o
 *fill*         0x0000000008001a12        0x2 
 .rodata        0x0000000008001a14       0x1c ./Src/SERVICE/SCHED/SCHED_config.o
 *(.rodata*)
 .rodata.LCD_Pins
                0x0000000008001a30       0x40 ./Src/HAL/LCD/LCD_config.o
                0x0000000008001a30                LCD_Pins
 .rodata.Leds   0x0000000008001a70        0xc ./Src/HAL/LED/LED_config.o
                0x0000000008001a70                Leds
                0x0000000008001a7c                . = ALIGN (0x4)

.rel.dyn        0x0000000008001a7c        0x0
 .rel.iplt      0x0000000008001a7c        0x0 C:/ST/STM32CubeIDE_1.14.1/STM32CubeIDE/plugins/com.st.stm32cube.ide.mcu.externaltools.gnu-tools-for-stm32.11.3.rel1.win32_1.1.100.202309141235/tools/bin/../lib/gcc/arm-none-eabi/11.3.1/thumb/v7e-m+fp/hard/crtbegin.o

.ARM.extab      0x0000000008001a7c        0x0
                0x0000000008001a7c                . = ALIGN (0x4)
 *(.ARM.extab* .gnu.linkonce.armextab.*)
                0x0000000008001a7c                . = ALIGN (0x4)

.ARM            0x0000000008001a7c        0x0
                0x0000000008001a7c                . = ALIGN (0x4)
                0x0000000008001a7c                __exidx_start = .
 *(.ARM.exidx*)
                0x0000000008001a7c                __exidx_end = .
                0x0000000008001a7c                . = ALIGN (0x4)

.preinit_array  0x0000000008001a7c        0x0
                0x0000000008001a7c                . = ALIGN (0x4)
                0x0000000008001a7c                PROVIDE (__preinit_array_start = .)
 *(.preinit_array*)
                0x0000000008001a7c                PROVIDE (__preinit_array_end = .)
                0x0000000008001a7c                . = ALIGN (0x4)

.init_array     0x0000000008001a7c        0x4
                0x0000000008001a7c                . = ALIGN (0x4)
                0x0000000008001a7c                PROVIDE (__init_array_start = .)
 *(SORT_BY_NAME(.init_array.*))
 *(.init_array*)
 .init_array    0x0000000008001a7c        0x4 C:/ST/STM32CubeIDE_1.14.1/STM32CubeIDE/plugins/com.st.stm32cube.ide.mcu.externaltools.gnu-tools-for-stm32.11.3.rel1.win32_1.1.100.202309141235/tools/bin/../lib/gcc/arm-none-eabi/11.3.1/thumb/v7e-m+fp/hard/crtbegin.o
                0x0000000008001a80                PROVIDE (__init_array_end = .)
                0x0000000008001a80                . = ALIGN (0x4)

.fini_array     0x0000000008001a80        0x4
                0x0000000008001a80                . = ALIGN (0x4)
                [!provide]                        PROVIDE (__fini_array_start = .)
 *(SORT_BY_NAME(.fini_array.*))
 *(.fini_array*)
 .fini_array    0x0000000008001a80        0x4 C:/ST/STM32CubeIDE_1.14.1/STM32CubeIDE/plugins/com.st.stm32cube.ide.mcu.externaltools.gnu-tools-for-stm32.11.3.rel1.win32_1.1.100.202309141235/tools/bin/../lib/gcc/arm-none-eabi/11.3.1/thumb/v7e-m+fp/hard/crtbegin.o
                [!provide]                        PROVIDE (__fini_array_end = .)
                0x0000000008001a84                . = ALIGN (0x4)
                0x0000000008001a84                _sidata = LOADADDR (.data)

.data           0x0000000020000000       0x60 load address 0x0000000008001a84
                0x0000000020000000                . = ALIGN (0x4)
                0x0000000020000000                _sdata = .
 *(.data)
 *(.data*)
 .data.UARTs    0x0000000020000000        0xc ./Src/MCAL/UART/UART.o
 .data.G_SchedTicksPending
                0x000000002000000c        0x4 ./Src/SERVICE/SCHED/SCHED.o
 .data.Runnables
                0x0000000020000010       0x50 ./Src/SERVICE/SCHED/SCHED_config.o
                0x0000000020000010                Runnables
 *(.RamFunc)
 *(.RamFunc*)
                0x0000000020000060                . = ALIGN (0x4)
                0x0000000020000060                _edata = .

.igot.plt       0x0000000020000060        0x0 load address 0x0000000008001ae4
 .igot.plt      0x0000000020000060        0x0 C:/ST/STM32CubeIDE_1.14.1/STM32CubeIDE/plugins/com.st.stm32cube.ide.mcu.externaltools.gnu-tools-for-stm32.11.3.rel1.win32_1.1.100.202309141235/tools/bin/../lib/gcc/arm-none-eabi/11.3.1/thumb/v7e-m+fp/hard/crtbegin.o
                0x0000000020000060                . = ALIGN (0x4)

.bss            0x0000000020000060      0x11c load address 0x0000000008001ae4
                0x0000000020000060                _sbss = .
                0x0000000020000060                __bss_start__ = _sbss
 *(.bss)
 .bss           0x0000000020000060       0x1c C:/ST/STM32CubeIDE_1.14.1/STM32CubeIDE/plugins/com.st.stm32cube.ide.mcu.externaltools.gnu-tools-for-stm32.11.3.rel1.win32_1.1.100.202309141235/tools/bin/../lib/gcc/arm-none-eabi/11.3.1/thumb/v7e-m+fp/hard/crtbegin.o
 *(.bss*)
 .bss.state     0x000000002000007c        0x1 ./Src/APP/TrafficLights/blinkingLed.o
 .bss.G_LCDState
                0x000000002000007d        0x1 ./Src/HAL/LCD/LCD.o
 *fill*         0x000000002000007e        0x2 
 .bss.Requests  0x0000000020000080       0x64 ./Src/HAL/LCD/LCD.o
 .bss.currReqIdx
                0x00000000200000e4        0x1 ./Src/HAL/LCD/LCD.o
 .bss.G_OperationLatchCount
                0x00000000200000e5        0x1 ./Src/HAL/LCD/LCD.o
 .bss.EnablePinState.2
                0x00000000200000e6        0x1 ./Src/HAL/LCD/LCD.o
 .bss.InitState.1
                0x00000000200000e7        0x1 ./Src/HAL/LCD/LCD.o
 .bss.counter.0
                0x00000000200000e8        0x1 ./Src/HAL/LCD/LCD.o
 *fill*         0x00000000200000e9        0x3 
 .bss.G_systickcbf
                0x00000000200000ec        0x4 ./Src/MCAL/SYSTICK/SYSTICK.o
 .bss.TXRequests
                0x00000000200000f0       0x30 ./Src/MCAL/UART/UART.o
 .bss.RXRequests
                0x0000000020000120       0x30 ./Src/MCAL/UART/UART.o
 .bss.LBDCallbacks
                0x0000000020000150        0xc ./Src/MCAL/UART/UART.o
 .bss.RunnablesInfo
                0x000000002000015c       0x20 ./Src/SERVICE/SCHED/SCHED.o
 *(COMMON)
                0x000000002000017c                . = ALIGN (0x4)
                0x000000002000017c                _ebss = .
                0x000000002000017c                __bss_end__ = _ebss

._user_heap_stack
                0x000000002000017c      0x604 load address 0x0000000008001ae4
                0x0000000020000180                . = ALIGN (0x8)
 *fill*         0x000000002000017c        0x4 
                0x0000000020000180                PROVIDE (end = .)
                [!provide]                        PROVIDE (_end = .)
                0x0000000020000380                . = (. + _Min_Heap_Size)
 *fill*         0x0000000020000180      0x200 
                0x0000000020000780                . = (. + _Min_Stack_Size)
 *fill*         0x0000000020000380      0x400 
                0x0000000020000780                . = ALIGN (0x8)

/DISCARD/
 libc.a(*)
 libm.a(*)
 libgcc.a(*)

.ARM.attributes
                0x0000000000000000       0x30
 *(.ARM.attributes)
 .ARM.attributes
                0x0000000000000000       0x1e C:/ST/STM32CubeIDE_1.14.1/STM32CubeIDE/plugins/com.st.stm32cube.ide.mcu.externaltools.gnu-tools-for-stm32.11.3.rel1.win32_1.1.100.202309141235/tools/bin/../lib/gcc/arm-none-eabi/11.3.1/thumb/v7e-m+fp/hard/crti.o
 .ARM.attributes
                0x000000000000001e       0x34 C:/ST/STM32CubeIDE_1.14.1/STM32CubeIDE/plugins/com.st.stm32cube.ide.mcu.externaltools.gnu-tools-for-stm32.11.3.rel1.win32_1.1.100.202309141235/tools/bin/../lib/gcc/arm-none-eabi/11.3.1/thumb/v7e-m+fp/hard/crtbegin.o
 .ARM.attributes
                0x0000000000000052       0x34 ./Src/APP/TEST/lcd_test.o
 .ARM.attributes
                0x0000000000000086       0x34 ./Src/APP/TrafficLights/blinkingLed.o
 .ARM.attributes
                0x00000000000000ba       0x34 ./Src/HAL/LCD/LCD.o
 .ARM.attributes
                0x00000000000000ee       0x34 ./Src/HAL/LCD/LCD_config.o
 .ARM.attributes
                0x0000000000000122       0x34 ./Src/HAL/LED/LED.o
 .ARM.attributes
                0x0000000000000156       0x34 ./Src/HAL/LED/LED_config.o
 .ARM.attributes
                0x000000000000018a       0x34 ./Src/MCAL/GPIO/GPIO.o
 .ARM.attributes
                0x00000000000001be       0x34 ./Src/MCAL/RCC/RCC.o
 .ARM.attributes
                0x00000000000001f2       0x34 ./Src/MCAL/SYSTICK/SYSTICK.o
 .ARM.attributes
                0x0000000000000226       0x34 ./Src/MCAL/UART/UART.o
 .ARM.attributes
                0x000000000000025a       0x34 ./Src/SERVICE/SCHED/SCHED.o
 .ARM.attributes
                0x000000000000028e       0x34 ./Src/SERVICE/SCHED/SCHED_config.o
 .ARM.attributes
                0x00000000000002c2       0x21 ./Startup/startup_stm32f401ccux.o
 .ARM.attributes
                0x00000000000002e3       0x34 C:/ST/STM32CubeIDE_1.14.1/STM32CubeIDE/plugins/com.st.stm32cube.ide.mcu.externaltools.gnu-tools-for-stm32.11.3.rel1.win32_1.1.100.202309141235/tools/bin/../lib/gcc/arm-none-eabi/11.3.1/../../../../arm-none-eabi/lib/thumb/v7e-m+fp/hard\libc_nano.a(libc_a-init.o)
 .ARM.attributes
                0x0000000000000317       0x1e C:/ST/STM32CubeIDE_1.14.1/STM32CubeIDE/plugins/com.st.stm32cube.ide.mcu.externaltools.gnu-tools-for-stm32.11.3.rel1.win32_1.1.100.202309141235/tools/bin/../lib/gcc/arm-none-eabi/11.3.1/thumb/v7e-m+fp/hard/crtn.o
OUTPUT(stm32f401Drivers.elf elf32-littlearm)
LOAD linker stubs
LOAD C:/ST/STM32CubeIDE_1.14.1/STM32CubeIDE/plugins/com.st.stm32cube.ide.mcu.externaltools.gnu-tools-for-stm32.11.3.rel1.win32_1.1.100.202309141235/tools/bin/../lib/gcc/arm-none-eabi/11.3.1/../../../../arm-none-eabi/lib/thumb/v7e-m+fp/hard\libc.a
LOAD C:/ST/STM32CubeIDE_1.14.1/STM32CubeIDE/plugins/com.st.stm32cube.ide.mcu.externaltools.gnu-tools-for-stm32.11.3.rel1.win32_1.1.100.202309141235/tools/bin/../lib/gcc/arm-none-eabi/11.3.1/../../../../arm-none-eabi/lib/thumb/v7e-m+fp/hard\libm.a
LOAD C:/ST/STM32CubeIDE_1.14.1/STM32CubeIDE/plugins/com.st.stm32cube.ide.mcu.externaltools.gnu-tools-for-stm32.11.3.rel1.win32_1.1.100.202309141235/tools/bin/../lib/gcc/arm-none-eabi/11.3.1/thumb/v7e-m+fp/hard\libgcc.a

.comment        0x0000000000000000       0x43
 .comment       0x0000000000000000       0x43 C:/ST/STM32CubeIDE_1.14.1/STM32CubeIDE/plugins/com.st.stm32cube.ide.mcu.externaltools.gnu-tools-for-stm32.11.3.rel1.win32_1.1.100.202309141235/tools/bin/../lib/gcc/arm-none-eabi/11.3.1/thumb/v7e-m+fp/hard/crtbegin.o
                                         0x44 (size before relaxing)
 .comment       0x0000000000000043       0x44 ./Src/APP/TEST/lcd_test.o
 .comment       0x0000000000000043       0x44 ./Src/APP/TrafficLights/blinkingLed.o
 .comment       0x0000000000000043       0x44 ./Src/HAL/LCD/LCD.o
 .comment       0x0000000000000043       0x44 ./Src/HAL/LCD/LCD_config.o
 .comment       0x0000000000000043       0x44 ./Src/HAL/LED/LED.o
 .comment       0x0000000000000043       0x44 ./Src/HAL/LED/LED_config.o
 .comment       0x0000000000000043       0x44 ./Src/MCAL/GPIO/GPIO.o
 .comment       0x0000000000000043       0x44 ./Src/MCAL/RCC/RCC.o
 .comment       0x0000000000000043       0x44 ./Src/MCAL/SYSTICK/SYSTICK.o
 .comment       0x0000000000000043       0x44 ./Src/MCAL/UART/UART.o
 .comment       0x0000000000000043       0x44 ./Src/SERVICE/SCHED/SCHED.o
 .comment       0x0000000000000043       0x44 ./Src/SERVICE/SCHED/SCHED_config.o

.debug_info     0x0000000000000000     0x28dd
 .debug_info    0x0000000000000000      0x3fd ./Src/APP/TEST/lcd_test.o
 .debug_info    0x00000000000003fd      0x2fe ./Src/APP/TrafficLights/blinkingLed.o
 .debug_info    0x00000000000006fb      0x657 ./Src/HAL/LCD/LCD.o
 .debug_info    0x0000000000000d52       0xd9 ./Src/HAL/LCD/LCD_config.o
 .debug_info    0x0000000000000e2b      0x2a9 ./Src/HAL/LED/LED.o
 .debug_info    0x00000000000010d4      0x113 ./Src/HAL/LED/LED_config.o
 .debug_info    0x00000000000011e7      0x2b5 ./Src/MCAL/GPIO/GPIO.o
 .debug_info    0x000000000000149c      0x7d2 ./Src/MCAL/RCC/RCC.o
 .debug_info    0x0000000000001c6e      0x263 ./Src/MCAL/SYSTICK/SYSTICK.o
 .debug_info    0x0000000000001ed1      0x604 ./Src/MCAL/UART/UART.o
 .debug_info    0x00000000000024d5      0x294 ./Src/SERVICE/SCHED/SCHED.o
 .debug_info    0x0000000000002769      0x151 ./Src/SERVICE/SCHED/SCHED_config.o
 .debug_info    0x00000000000028ba       0x23 ./Startup/startup_stm32f401ccux.o

.debug_abbrev   0x0000000000000000      0xe07
 .debug_abbrev  0x0000000000000000      0x15a ./Src/APP/TEST/lcd_test.o
 .debug_abbrev  0x000000000000015a       0xc8 ./Src/APP/TrafficLights/blinkingLed.o
 .debug_abbrev  0x0000000000000222      0x1f1 ./Src/HAL/LCD/LCD.o
 .debug_abbrev  0x0000000000000413       0x9f ./Src/HAL/LCD/LCD_config.o
 .debug_abbrev  0x00000000000004b2      0x14c ./Src/HAL/LED/LED.o
 .debug_abbrev  0x00000000000005fe       0xbe ./Src/HAL/LED/LED_config.o
 .debug_abbrev  0x00000000000006bc       0xe5 ./Src/MCAL/GPIO/GPIO.o
 .debug_abbrev  0x00000000000007a1      0x120 ./Src/MCAL/RCC/RCC.o
 .debug_abbrev  0x00000000000008c1      0x15c ./Src/MCAL/SYSTICK/SYSTICK.o
 .debug_abbrev  0x0000000000000a1d      0x182 ./Src/MCAL/UART/UART.o
 .debug_abbrev  0x0000000000000b9f      0x178 ./Src/SERVICE/SCHED/SCHED.o
 .debug_abbrev  0x0000000000000d17       0xde ./Src/SERVICE/SCHED/SCHED_config.o
 .debug_abbrev  0x0000000000000df5       0x12 ./Startup/startup_stm32f401ccux.o

.debug_aranges  0x0000000000000000      0x330
 .debug_aranges
                0x0000000000000000       0x40 ./Src/APP/TEST/lcd_test.o
 .debug_aranges
                0x0000000000000040       0x28 ./Src/APP/TrafficLights/blinkingLed.o
 .debug_aranges
                0x0000000000000068       0xa0 ./Src/HAL/LCD/LCD.o
 .debug_aranges
                0x0000000000000108       0x18 ./Src/HAL/LCD/LCD_config.o
 .debug_aranges
                0x0000000000000120       0x28 ./Src/HAL/LED/LED.o
 .debug_aranges
                0x0000000000000148       0x18 ./Src/HAL/LED/LED_config.o
 .debug_aranges
                0x0000000000000160       0x30 ./Src/MCAL/GPIO/GPIO.o
 .debug_aranges
                0x0000000000000190       0x68 ./Src/MCAL/RCC/RCC.o
 .debug_aranges
                0x00000000000001f8       0x50 ./Src/MCAL/SYSTICK/SYSTICK.o
 .debug_aranges
                0x0000000000000248       0x70 ./Src/MCAL/UART/UART.o
 .debug_aranges
                0x00000000000002b8       0x38 ./Src/SERVICE/SCHED/SCHED.o
 .debug_aranges
                0x00000000000002f0       0x18 ./Src/SERVICE/SCHED/SCHED_config.o
 .debug_aranges
                0x0000000000000308       0x28 ./Startup/startup_stm32f401ccux.o

.debug_rnglists
                0x0000000000000000      0x219
 .debug_rnglists
                0x0000000000000000       0x2b ./Src/APP/TEST/lcd_test.o
 .debug_rnglists
                0x000000000000002b       0x19 ./Src/APP/TrafficLights/blinkingLed.o
 .debug_rnglists
                0x0000000000000044       0x7e ./Src/HAL/LCD/LCD.o
 .debug_rnglists
                0x00000000000000c2       0x1b ./Src/HAL/LED/LED.o
 .debug_rnglists
                0x00000000000000dd       0x22 ./Src/MCAL/GPIO/GPIO.o
 .debug_rnglists
                0x00000000000000ff       0x4e ./Src/MCAL/RCC/RCC.o
 .debug_rnglists
                0x000000000000014d       0x37 ./Src/MCAL/SYSTICK/SYSTICK.o
 .debug_rnglists
                0x0000000000000184       0x57 ./Src/MCAL/UART/UART.o
 .debug_rnglists
                0x00000000000001db       0x25 ./Src/SERVICE/SCHED/SCHED.o
 .debug_rnglists
                0x0000000000000200       0x19 ./Startup/startup_stm32f401ccux.o

.debug_macro    0x0000000000000000      0x92d
 .debug_macro   0x0000000000000000       0x83 ./Src/APP/TEST/lcd_test.o
 .debug_macro   0x0000000000000083       0x16 ./Src/APP/TEST/lcd_test.o
 .debug_macro   0x0000000000000099       0xac ./Src/APP/TEST/lcd_test.o
 .debug_macro   0x0000000000000145       0x82 ./Src/APP/TEST/lcd_test.o
 .debug_macro   0x00000000000001c7       0x22 ./Src/APP/TEST/lcd_test.o
 .debug_macro   0x00000000000001e9       0x4c ./Src/APP/TEST/lcd_test.o
 .debug_macro   0x0000000000000235      0x160 ./Src/APP/TEST/lcd_test.o
 .debug_macro   0x0000000000000395       0x22 ./Src/APP/TEST/lcd_test.o
 .debug_macro   0x00000000000003b7       0x1c ./Src/APP/TEST/lcd_test.o
 .debug_macro   0x00000000000003d3       0x3c ./Src/APP/TrafficLights/blinkingLed.o
 .debug_macro   0x000000000000040f       0x8c ./Src/HAL/LCD/LCD.o
 .debug_macro   0x000000000000049b       0x52 ./Src/HAL/LCD/LCD.o
 .debug_macro   0x00000000000004ed       0xca ./Src/HAL/LCD/LCD.o
 .debug_macro   0x00000000000005b7       0x3e ./Src/HAL/LCD/LCD_config.o
 .debug_macro   0x00000000000005f5       0x42 ./Src/HAL/LED/LED.o
 .debug_macro   0x0000000000000637       0x3c ./Src/HAL/LED/LED_config.o
 .debug_macro   0x0000000000000673       0x83 ./Src/MCAL/GPIO/GPIO.o
 .debug_macro   0x00000000000006f6       0x6b ./Src/MCAL/RCC/RCC.o
 .debug_macro   0x0000000000000761       0x56 ./Src/MCAL/SYSTICK/SYSTICK.o
 .debug_macro   0x00000000000007b7       0x22 ./Src/MCAL/SYSTICK/SYSTICK.o
 .debug_macro   0x00000000000007d9       0x16 ./Src/MCAL/SYSTICK/SYSTICK.o
 .debug_macro   0x00000000000007ef       0xcb ./Src/MCAL/UART/UART.o
 .debug_macro   0x00000000000008ba       0x36 ./Src/SERVICE/SCHED/SCHED.o
 .debug_macro   0x00000000000008f0       0x10 ./Src/SERVICE/SCHED/SCHED.o
 .debug_macro   0x0000000000000900       0x2d ./Src/SERVICE/SCHED/SCHED_config.o

.debug_line     0x0000000000000000     0x1e3b
 .debug_line    0x0000000000000000      0x1db ./Src/APP/TEST/lcd_test.o
 .debug_line    0x00000000000001db       0xd7 ./Src/APP/TrafficLights/blinkingLed.o
 .debug_line    0x00000000000002b2      0x5d0 ./Src/HAL/LCD/LCD.o
 .debug_line    0x0000000000000882       0xa7 ./Src/HAL/LCD/LCD_config.o
 .debug_line    0x0000000000000929      0x151 ./Src/HAL/LED/LED.o
 .debug_line    0x0000000000000a7a       0x99 ./Src/HAL/LED/LED_config.o
 .debug_line    0x0000000000000b13      0x307 ./Src/MCAL/GPIO/GPIO.o
 .debug_line    0x0000000000000e1a      0x49d ./Src/MCAL/RCC/RCC.o
 .debug_line    0x00000000000012b7      0x1c9 ./Src/MCAL/SYSTICK/SYSTICK.o
 .debug_line    0x0000000000001480      0x707 ./Src/MCAL/UART/UART.o
 .debug_line    0x0000000000001b87      0x1a9 ./Src/SERVICE/SCHED/SCHED.o
 .debug_line    0x0000000000001d30       0x90 ./Src/SERVICE/SCHED/SCHED_config.o
 .debug_line    0x0000000000001dc0       0x7b ./Startup/startup_stm32f401ccux.o

.debug_str      0x0000000000000000     0x624a
 .debug_str     0x0000000000000000     0x3eef ./Src/APP/TEST/lcd_test.o
                                       0x3f78 (size before relaxing)
 .debug_str     0x0000000000003eef       0x6c ./Src/APP/TrafficLights/blinkingLed.o
                                       0x3384 (size before relaxing)
 .debug_str     0x0000000000003f5b      0x917 ./Src/HAL/LCD/LCD.o
                                       0x3ec1 (size before relaxing)
 .debug_str     0x0000000000004872       0x1c ./Src/HAL/LCD/LCD_config.o
                                       0x3930 (size before relaxing)
 .debug_str     0x000000000000488e       0xa7 ./Src/HAL/LED/LED.o
                                       0x36f7 (size before relaxing)
 .debug_str     0x0000000000004935       0x1c ./Src/HAL/LED/LED_config.o
                                       0x354b (size before relaxing)
 .debug_str     0x0000000000004951      0x706 ./Src/MCAL/GPIO/GPIO.o
                                       0x3c3f (size before relaxing)
 .debug_str     0x0000000000005057      0x588 ./Src/MCAL/RCC/RCC.o
                                       0x37fe (size before relaxing)
 .debug_str     0x00000000000055df      0x3c8 ./Src/MCAL/SYSTICK/SYSTICK.o
                                       0x3249 (size before relaxing)
 .debug_str     0x00000000000059a7      0x729 ./Src/MCAL/UART/UART.o
                                       0x38a1 (size before relaxing)
 .debug_str     0x00000000000060d0      0x127 ./Src/SERVICE/SCHED/SCHED.o
                                       0x3115 (size before relaxing)
 .debug_str     0x00000000000061f7       0x24 ./Src/SERVICE/SCHED/SCHED_config.o
                                       0x2f80 (size before relaxing)
 .debug_str     0x000000000000621b       0x2f ./Startup/startup_stm32f401ccux.o
                                         0x72 (size before relaxing)

.debug_frame    0x0000000000000000      0x944
 .debug_frame   0x0000000000000000       0xa4 ./Src/APP/TEST/lcd_test.o
 .debug_frame   0x00000000000000a4       0x48 ./Src/APP/TrafficLights/blinkingLed.o
 .debug_frame   0x00000000000000ec      0x248 ./Src/HAL/LCD/LCD.o
 .debug_frame   0x0000000000000334       0x60 ./Src/HAL/LED/LED.o
 .debug_frame   0x0000000000000394       0x9c ./Src/MCAL/GPIO/GPIO.o
 .debug_frame   0x0000000000000430      0x1a4 ./Src/MCAL/RCC/RCC.o
 .debug_frame   0x00000000000005d4      0x110 ./Src/MCAL/SYSTICK/SYSTICK.o
 .debug_frame   0x00000000000006e4      0x1a0 ./Src/MCAL/UART/UART.o
 .debug_frame   0x0000000000000884       0x94 ./Src/SERVICE/SCHED/SCHED.o
 .debug_frame   0x0000000000000918       0x2c C:/ST/STM32CubeIDE_1.14.1/STM32CubeIDE/plugins/com.st.stm32cube.ide.mcu.externaltools.gnu-tools-for-stm32.11.3.rel1.win32_1.1.100.202309141235/tools/bin/../lib/gcc/arm-none-eabi/11.3.1/../../../../arm-none-eabi/lib/thumb/v7e-m+fp/hard\libc_nano.a(libc_a-init.o)

.debug_line_str
                0x0000000000000000       0x66
 .debug_line_str
                0x0000000000000000       0x66 ./Startup/startup_stm32f401ccux.o
                                         0x7e (size before relaxing)
