../Src/MCAL/UART/UART.c:140:21:UART_SetConfig	32	static
../Src/MCAL/UART/UART.c:224:20:UART_TXByte	24	static
../Src/MCAL/UART/UART.c:260:20:UART_TXBufferAsyncZC	32	static
../Src/MCAL/UART/UART.c:301:20:UART_RXByte	24	static
../Src/MCAL/UART/UART.c:346:20:UART_RXBufferAsyncZC	32	static
../Src/MCAL/UART/UART.c:397:20:UART_ConfigLIN	24	static
../Src/MCAL/UART/UART.c:428:20:UART_SendBreak	24	static
../Src/MCAL/UART/UART.c:452:20:UART_SetLBDCallback	24	static
../Src/MCAL/UART/UART.c:481:6:USART1_IRQHandler	8	static
../Src/MCAL/UART/UART.c:551:6:USART2_IRQHandler	8	static
../Src/MCAL/UART/UART.c:622:6:USART6_IRQHandler	8	static
