../Src/HAL/LCD/LCD.c:174:13:Latch	32	static
../Src/HAL/LCD/LCD.c:215:13:WriteCommand	16	static
../Src/HAL/LCD/LCD.c:223:13:WriteData	16	static
../Src/HAL/LCD/LCD.c:305:13:InitProcess	8	static
../Src/HAL/LCD/LCD.c:472:13:WriteString	8	static
../Src/HAL/LCD/LCD.c:496:13:WriteBuffer	8	static
../Src/HAL/LCD/LCD.c:520:13:ClearScreen	8	static
../Src/HAL/LCD/LCD.c:537:13:SetCursorPos	8	static
../Src/HAL/LCD/LCD.c:566:13:OperationProcess	8	static
../Src/HAL/LCD/LCD.c:591:6:LCD_Update	8	static
../Src/HAL/LCD/LCD.c:608:19:LCD_Init	32	static
../Src/HAL/LCD/LCD.c:645:19:LCD_WriteStringAsync	24	static
../Src/HAL/LCD/LCD.c:668:19:LCD_WriteBufferAsync	24	static
../Src/HAL/LCD/LCD.c:692:19:LCD_ClearScreenAsync	4	static
../Src/HAL/LCD/LCD.c:704:19:LCD_SetCursorPosAsync	16	static
