../Src/HAL/LCD/LCD.c:166:13:Latch	24	static
../Src/HAL/LCD/LCD.c:207:13:WriteCommand	16	static
../Src/HAL/LCD/LCD.c:215:13:WriteData	16	static
../Src/HAL/LCD/LCD.c:227:13:InitProcess	8	static
../Src/HAL/LCD/LCD.c:392:13:WriteString	8	static
../Src/HAL/LCD/LCD.c:416:13:WriteBuffer	8	static
../Src/HAL/LCD/LCD.c:440:13:ClearScreen	8	static
../Src/HAL/LCD/LCD.c:457:13:SetCursorPos	8	static
../Src/HAL/LCD/LCD.c:484:13:SendCommand	8	static
../Src/HAL/LCD/LCD.c:503:13:OperationProcess	8	static
../Src/HAL/LCD/LCD.c:551:6:LCD_Update	8	static
../Src/HAL/LCD/LCD.c:568:19:LCD_Init	32	static
../Src/HAL/LCD/LCD.c:606:19:LCD_WriteStringAsync	24	static
../Src/HAL/LCD/LCD.c:633:19:LCD_WriteBufferAsync	24	static
../Src/HAL/LCD/LCD.c:664:19:LCD_ClearScreenAsync	16	static
../Src/HAL/LCD/LCD.c:682:19:LCD_SetCursorPosAsync	24	static
../Src/HAL/LCD/LCD.c:704:19:LCD_SendCommandAsync	24	static
