09:53:30 **** Incremental Build of configuration Debug for project stm32f401Drivers ****
make -j8 all 
arm-none-eabi-gcc -mcpu=cortex-m4 -g3 -DDEBUG -c -x assembler-with-cpp -MMD -MP -MF"Startup/startup_stm32f401ccux.d" -MT"Startup/startup_stm32f401ccux.o" --specs=nano.specs -mfpu=fpv4-sp-d16 -mfloat-abi=hard -mthumb -o "Startup/startup_stm32f401ccux.o" "../Startup/startup_stm32f401ccux.s"
arm-none-eabi-gcc "../Src/SERVICE/SCHED/SCHED.c" -mcpu=cortex-m4 -std=gnu11 -g3 -DDEBUG -DSTM32F401CCUx -DSTM32 -DSTM32F4 -c -I../Inc -I"D:/ITI/Eng_Tourkey/stmCubeWorkSpace/ITI_ARM/stm32f401Drivers/Inc" -O0 -ffunction-sections -fdata-sections -Wall -fstack-usage -fcyclomatic-complexity -MMD -MP -MF"Src/SERVICE/SCHED/SCHED.d" -MT"Src/SERVICE/SCHED/SCHED.o" --specs=nano.specs -mfpu=fpv4-sp-d16 -mfloat-abi=hard -mthumb -o "Src/SERVICE/SCHED/SCHED.o"
arm-none-eabi-gcc "../Src/SERVICE/SCHED/SCHED_config.c" -mcpu=cortex-m4 -std=gnu11 -g3 -DDEBUG -DSTM32F401CCUx -DSTM32 -DSTM32F4 -c -I../Inc -I"D:/ITI/Eng_Tourkey/stmCubeWorkSpace/ITI_ARM/stm32f401Drivers/Inc" -O0 -ffunction-sections -fdata-sections -Wall -fstack-usage -fcyclomatic-complexity -MMD -MP -MF"Src/SERVICE/SCHED/SCHED_config.d" -MT"Src/SERVICE/SCHED/SCHED_config.o" --specs=nano.specs -mfpu=fpv4-sp-d16 -mfloat-abi=hard -mthumb -o "Src/SERVICE/SCHED/SCHED_config.o"
arm-none-eabi-gcc "../Src/SERVICE/FreeRTOS/croutine.c" -mcpu=cortex-m4 -std=gnu11 -g3 -DDEBUG -DSTM32F401CCUx -DSTM32 -DSTM32F4 -c -I../Inc -I"D:/ITI/Eng_Tourkey/stmCubeWorkSpace/ITI_ARM/stm32f401Drivers/Inc" -O0 -ffunction-sections -fdata-sections -Wall -fstack-usage -fcyclomatic-complexity -MMD -MP -MF"Src/SERVICE/FreeRTOS/croutine.d" -MT"Src/SERVICE/FreeRTOS/croutine.o" --specs=nano.specs -mfpu=fpv4-sp-d16 -mfloat-abi=hard -mthumb -o "Src/SERVICE/FreeRTOS/croutine.o"
arm-none-eabi-gcc "../Src/SERVICE/FreeRTOS/event_groups.c" -mcpu=cortex-m4 -std=gnu11 -g3 -DDEBUG -DSTM32F401CCUx -DSTM32 -DSTM32F4 -c -I../Inc -I"D:/ITI/Eng_Tourkey/stmCubeWorkSpace/ITI_ARM/stm32f401Drivers/Inc" -O0 -ffunction-sections -fdata-sections -Wall -fstack-usage -fcyclomatic-complexity -MMD -MP -MF"Src/SERVICE/FreeRTOS/event_groups.d" -MT"Src/SERVICE/FreeRTOS/event_groups.o" --specs=nano.specs -mfpu=fpv4-sp-d16 -mfloat-abi=hard -mthumb -o "Src/SERVICE/FreeRTOS/event_groups.o"
arm-none-eabi-gcc "../Src/SERVICE/FreeRTOS/heap_1.c" -mcpu=cortex-m4 -std=gnu11 -g3 -DDEBUG -DSTM32F401CCUx -DSTM32 -DSTM32F4 -c -I../Inc -I"D:/ITI/Eng_Tourkey/stmCubeWorkSpace/ITI_ARM/stm32f401Drivers/Inc" -O0 -ffunction-sections -fdata-sections -Wall -fstack-usage -fcyclomatic-complexity -MMD -MP -MF"Src/SERVICE/FreeRTOS/heap_1.d" -MT"Src/SERVICE/FreeRTOS/heap_1.o" --specs=nano.specs -mfpu=fpv4-sp-d16 -mfloat-abi=hard -mthumb -o "Src/SERVICE/FreeRTOS/heap_1.o"
arm-none-eabi-gcc "../Src/SERVICE/FreeRTOS/list.c" -mcpu=cortex-m4 -std=gnu11 -g3 -DDEBUG -DSTM32F401CCUx -DSTM32 -DSTM32F4 -c -I../Inc -I"D:/ITI/Eng_Tourkey/stmCubeWorkSpace/ITI_ARM/stm32f401Drivers/Inc" -O0 -ffunction-sections -fdata-sections -Wall -fstack-usage -fcyclomatic-complexity -MMD -MP -MF"Src/SERVICE/FreeRTOS/list.d" -MT"Src/SERVICE/FreeRTOS/list.o" --specs=nano.specs -mfpu=fpv4-sp-d16 -mfloat-abi=hard -mthumb -o "Src/SERVICE/FreeRTOS/list.o"
arm-none-eabi-gcc "../Src/SERVICE/FreeRTOS/port.c" -mcpu=cortex-m4 -std=gnu11 -g3 -DDEBUG -DSTM32F401CCUx -DSTM32 -DSTM32F4 -c -I../Inc -I"D:/ITI/Eng_Tourkey/stmCubeWorkSpace/ITI_ARM/stm32f401Drivers/Inc" -O0 -ffunction-sections -fdata-sections -Wall -fstack-usage -fcyclomatic-complexity -MMD -MP -MF"Src/SERVICE/FreeRTOS/port.d" -MT"Src/SERVICE/FreeRTOS/port.o" --specs=nano.specs -mfpu=fpv4-sp-d16 -mfloat-abi=hard -mthumb -o "Src/SERVICE/FreeRTOS/port.o"
arm-none-eabi-gcc "../Src/SERVICE/FreeRTOS/queue.c" -mcpu=cortex-m4 -std=gnu11 -g3 -DDEBUG -DSTM32F401CCUx -DSTM32 -DSTM32F4 -c -I../Inc -I"D:/ITI/Eng_Tourkey/stmCubeWorkSpace/ITI_ARM/stm32f401Drivers/Inc" -O0 -ffunction-sections -fdata-sections -Wall -fstack-usage -fcyclomatic-complexity -MMD -MP -MF"Src/SERVICE/FreeRTOS/queue.d" -MT"Src/SERVICE/FreeRTOS/queue.o" --specs=nano.specs -mfpu=fpv4-sp-d16 -mfloat-abi=hard -mthumb -o "Src/SERVICE/FreeRTOS/queue.o"
arm-none-eabi-gcc "../Src/SERVICE/FreeRTOS/stream_buffer.c" -mcpu=cortex-m4 -std=gnu11 -g3 -DDEBUG -DSTM32F401CCUx -DSTM32 -DSTM32F4 -c -I../Inc -I"D:/ITI/Eng_Tourkey/stmCubeWorkSpace/ITI_ARM/stm32f401Drivers/Inc" -O0 -ffunction-sections -fdata-sections -Wall -fstack-usage -fcyclomatic-complexity -MMD -MP -MF"Src/SERVICE/FreeRTOS/stream_buffer.d" -MT"Src/SERVICE/FreeRTOS/stream_buffer.o" --specs=nano.specs -mfpu=fpv4-sp-d16 -mfloat-abi=hard -mthumb -o "Src/SERVICE/FreeRTOS/stream_buffer.o"
arm-none-eabi-gcc "../Src/SERVICE/FreeRTOS/tasks.c" -mcpu=cortex-m4 -std=gnu11 -g3 -DDEBUG -DSTM32F401CCUx -DSTM32 -DSTM32F4 -c -I../Inc -I"D:/ITI/Eng_Tourkey/stmCubeWorkSpace/ITI_ARM/stm32f401Drivers/Inc" -O0 -ffunction-sections -fdata-sections -Wall -fstack-usage -fcyclomatic-complexity -MMD -MP -MF"Src/SERVICE/FreeRTOS/tasks.d" -MT"Src/SERVICE/FreeRTOS/tasks.o" --specs=nano.specs -mfpu=fpv4-sp-d16 -mfloat-abi=hard -mthumb -o "Src/SERVICE/FreeRTOS/tasks.o"
arm-none-eabi-gcc "../Src/SERVICE/FreeRTOS/timers.c" -mcpu=cortex-m4 -std=gnu11 -g3 -DDEBUG -DSTM32F401CCUx -DSTM32 -DSTM32F4 -c -I../Inc -I"D:/ITI/Eng_Tourkey/stmCubeWorkSpace/ITI_ARM/stm32f401Drivers/Inc" -O0 -ffunction-sections -fdata-sections -Wall -fstack-usage -fcyclomatic-complexity -MMD -MP -MF"Src/SERVICE/FreeRTOS/timers.d" -MT"Src/SERVICE/FreeRTOS/timers.o" --specs=nano.specs -mfpu=fpv4-sp-d16 -mfloat-abi=hard -mthumb -o "Src/SERVICE/FreeRTOS/timers.o"
arm-none-eabi-gcc "../Src/MCAL/UART/UART.c" -mcpu=cortex-m4 -std=gnu11 -g3 -DDEBUG -DSTM32F401CCUx -DSTM32 -DSTM32F4 -c -I../Inc -I"D:/ITI/Eng_Tourkey/stmCubeWorkSpace/ITI_ARM/stm32f401Drivers/Inc" -O0 -ffunction-sections -fdata-sections -Wall -fstack-usage -fcyclomatic-complexity -MMD -MP -MF"Src/MCAL/UART/UART.d" -MT"Src/MCAL/UART/UART.o" --specs=nano.specs -mfpu=fpv4-sp-d16 -mfloat-abi=hard -mthumb -o "Src/MCAL/UART/UART.o"
arm-none-eabi-gcc "../Src/MCAL/SYSTICK/SYSTICK.c" -mcpu=cortex-m4 -std=gnu11 -g3 -DDEBUG -DSTM32F401CCUx -DSTM32 -DSTM32F4 -c -I../Inc -I"D:/ITI/Eng_Tourkey/stmCubeWorkSpace/ITI_ARM/stm32f401Drivers/Inc" -O0 -ffunction-sections -fdata-sections -Wall -fstack-usage -fcyclomatic-complexity -MMD -MP -MF"Src/MCAL/SYSTICK/SYSTICK.d" -MT"Src/MCAL/SYSTICK/SYSTICK.o" --specs=nano.specs -mfpu=fpv4-sp-d16 -mfloat-abi=hard -mthumb -o "Src/MCAL/SYSTICK/SYSTICK.o"
arm-none-eabi-gcc "../Src/MCAL/RCC/RCC.c" -mcpu=cortex-m4 -std=gnu11 -g3 -DDEBUG -DSTM32F401CCUx -DSTM32 -DSTM32F4 -c -I../Inc -I"D:/ITI/Eng_Tourkey/stmCubeWorkSpace/ITI_ARM/stm32f401Drivers/Inc" -O0 -ffunction-sections -fdata-sections -Wall -fstack-usage -fcyclomatic-complexity -MMD -MP -MF"Src/MCAL/RCC/RCC.d" -MT"Src/MCAL/RCC/RCC.o" --specs=nano.specs -mfpu=fpv4-sp-d16 -mfloat-abi=hard -mthumb -o "Src/MCAL/RCC/RCC.o"
arm-none-eabi-gcc "../Src/MCAL/NVIC/NVIC.c" -mcpu=cortex-m4 -std=gnu11 -g3 -DDEBUG -DSTM32F401CCUx -DSTM32 -DSTM32F4 -c -I../Inc -I"D:/ITI/Eng_Tourkey/stmCubeWorkSpace/ITI_ARM/stm32f401Drivers/Inc" -O0 -ffunction-sections -fdata-sections -Wall -fstack-usage -fcyclomatic-complexity -MMD -MP -MF"Src/MCAL/NVIC/NVIC.d" -MT"Src/MCAL/NVIC/NVIC.o" --specs=nano.specs -mfpu=fpv4-sp-d16 -mfloat-abi=hard -mthumb -o "Src/MCAL/NVIC/NVIC.o"
arm-none-eabi-gcc "../Src/MCAL/GPIO/GPIO.c" -mcpu=cortex-m4 -std=gnu11 -g3 -DDEBUG -DSTM32F401CCUx -DSTM32 -DSTM32F4 -c -I../Inc -I"D:/ITI/Eng_Tourkey/stmCubeWorkSpace/ITI_ARM/stm32f401Drivers/Inc" -O0 -ffunction-sections -fdata-sections -Wall -fstack-usage -fcyclomatic-complexity -MMD -MP -MF"Src/MCAL/GPIO/GPIO.d" -MT"Src/MCAL/GPIO/GPIO.o" --specs=nano.specs -mfpu=fpv4-sp-d16 -mfloat-abi=hard -mthumb -o "Src/MCAL/GPIO/GPIO.o"
arm-none-eabi-gcc "../Src/HAL/SWITCH/SWITCH.c" -mcpu=cortex-m4 -std=gnu11 -g3 -DDEBUG -DSTM32F401CCUx -DSTM32 -DSTM32F4 -c -I../Inc -I"D:/ITI/Eng_Tourkey/stmCubeWorkSpace/ITI_ARM/stm32f401Drivers/Inc" -O0 -ffunction-sections -fdata-sections -Wall -fstack-usage -fcyclomatic-complexity -MMD -MP -MF"Src/HAL/SWITCH/SWITCH.d" -MT"Src/HAL/SWITCH/SWITCH.o" --specs=nano.specs -mfpu=fpv4-sp-d16 -mfloat-abi=hard -mthumb -o "Src/HAL/SWITCH/SWITCH.o"
arm-none-eabi-gcc "../Src/HAL/SWITCH/SWITCH_config.c" -mcpu=cortex-m4 -std=gnu11 -g3 -DDEBUG -DSTM32F401CCUx -DSTM32 -DSTM32F4 -c -I../Inc -I"D:/ITI/Eng_Tourkey/stmCubeWorkSpace/ITI_ARM/stm32f401Drivers/Inc" -O0 -ffunction-sections -fdata-sections -Wall -fstack-usage -fcyclomatic-complexity -MMD -MP -MF"Src/HAL/SWITCH/SWITCH_config.d" -MT"Src/HAL/SWITCH/SWITCH_config.o" --specs=nano.specs -mfpu=fpv4-sp-d16 -mfloat-abi=hard -mthumb -o "Src/HAL/SWITCH/SWITCH_config.o"
arm-none-eabi-gcc "../Src/HAL/LED/LED.c" -mcpu=cortex-m4 -std=gnu11 -g3 -DDEBUG -DSTM32F401CCUx -DSTM32 -DSTM32F4 -c -I../Inc -I"D:/ITI/Eng_Tourkey/stmCubeWorkSpace/ITI_ARM/stm32f401Drivers/Inc" -O0 -ffunction-sections -fdata-sections -Wall -fstack-usage -fcyclomatic-complexity -MMD -MP -MF"Src/HAL/LED/LED.d" -MT"Src/HAL/LED/LED.o" --specs=nano.specs -mfpu=fpv4-sp-d16 -mfloat-abi=hard -mthumb -o "Src/HAL/LED/LED.o"
arm-none-eabi-gcc "../Src/HAL/LED/LED_config.c" -mcpu=cortex-m4 -std=gnu11 -g3 -DDEBUG -DSTM32F401CCUx -DSTM32 -DSTM32F4 -c -I../Inc -I"D:/ITI/Eng_Tourkey/stmCubeWorkSpace/ITI_ARM/stm32f401Drivers/Inc" -O0 -ffunction-sections -fdata-sections -Wall -fstack-usage -fcyclomatic-complexity -MMD -MP -MF"Src/HAL/LED/LED_config.d" -MT"Src/HAL/LED/LED_config.o" --specs=nano.specs -mfpu=fpv4-sp-d16 -mfloat-abi=hard -mthumb -o "Src/HAL/LED/LED_config.o"
arm-none-eabi-gcc "../Src/HAL/LCD/LCD.c" -mcpu=cortex-m4 -std=gnu11 -g3 -DDEBUG -DSTM32F401CCUx -DSTM32 -DSTM32F4 -c -I../Inc -I"D:/ITI/Eng_Tourkey/stmCubeWorkSpace/ITI_ARM/stm32f401Drivers/Inc" -O0 -ffunction-sections -fdata-sections -Wall -fstack-usage -fcyclomatic-complexity -MMD -MP -MF"Src/HAL/LCD/LCD.d" -MT"Src/HAL/LCD/LCD.o" --specs=nano.specs -mfpu=fpv4-sp-d16 -mfloat-abi=hard -mthumb -o "Src/HAL/LCD/LCD.o"
arm-none-eabi-gcc "../Src/HAL/LCD/LCD_config.c" -mcpu=cortex-m4 -std=gnu11 -g3 -DDEBUG -DSTM32F401CCUx -DSTM32 -DSTM32F4 -c -I../Inc -I"D:/ITI/Eng_Tourkey/stmCubeWorkSpace/ITI_ARM/stm32f401Drivers/Inc" -O0 -ffunction-sections -fdata-sections -Wall -fstack-usage -fcyclomatic-complexity -MMD -MP -MF"Src/HAL/LCD/LCD_config.d" -MT"Src/HAL/LCD/LCD_config.o" --specs=nano.specs -mfpu=fpv4-sp-d16 -mfloat-abi=hard -mthumb -o "Src/HAL/LCD/LCD_config.o"
arm-none-eabi-gcc "../Src/COMM/LIN/LIN_HW.c" -mcpu=cortex-m4 -std=gnu11 -g3 -DDEBUG -DSTM32F401CCUx -DSTM32 -DSTM32F4 -c -I../Inc -I"D:/ITI/Eng_Tourkey/stmCubeWorkSpace/ITI_ARM/stm32f401Drivers/Inc" -O0 -ffunction-sections -fdata-sections -Wall -fstack-usage -fcyclomatic-complexity -MMD -MP -MF"Src/COMM/LIN/LIN_HW.d" -MT"Src/COMM/LIN/LIN_HW.o" --specs=nano.specs -mfpu=fpv4-sp-d16 -mfloat-abi=hard -mthumb -o "Src/COMM/LIN/LIN_HW.o"
arm-none-eabi-gcc "../Src/COMM/LIN/LIN_Master.c" -mcpu=cortex-m4 -std=gnu11 -g3 -DDEBUG -DSTM32F401CCUx -DSTM32 -DSTM32F4 -c -I../Inc -I"D:/ITI/Eng_Tourkey/stmCubeWorkSpace/ITI_ARM/stm32f401Drivers/Inc" -O0 -ffunction-sections -fdata-sections -Wall -fstack-usage -fcyclomatic-complexity -MMD -MP -MF"Src/COMM/LIN/LIN_Master.d" -MT"Src/COMM/LIN/LIN_Master.o" --specs=nano.specs -mfpu=fpv4-sp-d16 -mfloat-abi=hard -mthumb -o "Src/COMM/LIN/LIN_Master.o"
../Src/HAL/LCD/LCD.c: In function 'LCD_SendCommandAsync':
../Src/HAL/LCD/LCD.c:718:1: warning: control reaches end of non-void function [-Wreturn-type]
  718 | }
      | ^
arm-none-eabi-gcc "../Src/COMM/LIN/LIN_Slave.c" -mcpu=cortex-m4 -std=gnu11 -g3 -DDEBUG -DSTM32F401CCUx -DSTM32 -DSTM32F4 -c -I../Inc -I"D:/ITI/Eng_Tourkey/stmCubeWorkSpace/ITI_ARM/stm32f401Drivers/Inc" -O0 -ffunction-sections -fdata-sections -Wall -fstack-usage -fcyclomatic-complexity -MMD -MP -MF"Src/COMM/LIN/LIN_Slave.d" -MT"Src/COMM/LIN/LIN_Slave.o" --specs=nano.specs -mfpu=fpv4-sp-d16 -mfloat-abi=hard -mthumb -o "Src/COMM/LIN/LIN_Slave.o"
arm-none-eabi-gcc "../Src/APP/TrafficLights/blinkingLed.c" -mcpu=cortex-m4 -std=gnu11 -g3 -DDEBUG -DSTM32F401CCUx -DSTM32 -DSTM32F4 -c -I../Inc -I"D:/ITI/Eng_Tourkey/stmCubeWorkSpace/ITI_ARM/stm32f401Drivers/Inc" -O0 -ffunction-sections -fdata-sections -Wall -fstack-usage -fcyclomatic-complexity -MMD -MP -MF"Src/APP/TrafficLights/blinkingLed.d" -MT"Src/APP/TrafficLights/blinkingLed.o" --specs=nano.specs -mfpu=fpv4-sp-d16 -mfloat-abi=hard -mthumb -o "Src/APP/TrafficLights/blinkingLed.o"
arm-none-eabi-gcc "../Src/APP/TrafficLights/main.c" -mcpu=cortex-m4 -std=gnu11 -g3 -DDEBUG -DSTM32F401CCUx -DSTM32 -DSTM32F4 -c -I../Inc -I"D:/ITI/Eng_Tourkey/stmCubeWorkSpace/ITI_ARM/stm32f401Drivers/Inc" -O0 -ffunction-sections -fdata-sections -Wall -fstack-usage -fcyclomatic-complexity -MMD -MP -MF"Src/APP/TrafficLights/main.d" -MT"Src/APP/TrafficLights/main.o" --specs=nano.specs -mfpu=fpv4-sp-d16 -mfloat-abi=hard -mthumb -o "Src/APP/TrafficLights/main.o"
arm-none-eabi-gcc "../Src/APP/TrafficLights/traffic.c" -mcpu=cortex-m4 -std=gnu11 -g3 -DDEBUG -DSTM32F401CCUx -DSTM32 -DSTM32F4 -c -I../Inc -I"D:/ITI/Eng_Tourkey/stmCubeWorkSpace/ITI_ARM/stm32f401Drivers/Inc" -O0 -ffunction-sections -fdata-sections -Wall -fstack-usage -fcyclomatic-complexity -MMD -MP -MF"Src/APP/TrafficLights/traffic.d" -MT"Src/APP/TrafficLights/traffic.o" --specs=nano.specs -mfpu=fpv4-sp-d16 -mfloat-abi=hard -mthumb -o "Src/APP/TrafficLights/traffic.o"
arm-none-eabi-gcc "../Src/APP/TEST/gpio_test.c" -mcpu=cortex-m4 -std=gnu11 -g3 -DDEBUG -DSTM32F401CCUx -DSTM32 -DSTM32F4 -c -I../Inc -I"D:/ITI/Eng_Tourkey/stmCubeWorkSpace/ITI_ARM/stm32f401Drivers/Inc" -O0 -ffunction-sections -fdata-sections -Wall -fstack-usage -fcyclomatic-complexity -MMD -MP -MF"Src/APP/TEST/gpio_test.d" -MT"Src/APP/TEST/gpio_test.o" --specs=nano.specs -mfpu=fpv4-sp-d16 -mfloat-abi=hard -mthumb -o "Src/APP/TEST/gpio_test.o"
arm-none-eabi-gcc "../Src/APP/TEST/led_switch_test.c" -mcpu=cortex-m4 -std=gnu11 -g3 -DDEBUG -DSTM32F401CCUx -DSTM32 -DSTM32F4 -c -I../Inc -I"D:/ITI/Eng_Tourkey/stmCubeWorkSpace/ITI_ARM/stm32f401Drivers/Inc" -O0 -ffunction-sections -fdata-sections -Wall -fstack-usage -fcyclomatic-complexity -MMD -MP -MF"Src/APP/TEST/led_switch_test.d" -MT"Src/APP/TEST/led_switch_test.o" --specs=nano.specs -mfpu=fpv4-sp-d16 -mfloat-abi=hard -mthumb -o "Src/APP/TEST/led_switch_test.o"
arm-none-eabi-gcc "../Src/APP/TEST/lin_test.c" -mcpu=cortex-m4 -std=gnu11 -g3 -DDEBUG -DSTM32F401CCUx -DSTM32 -DSTM32F4 -c -I../Inc -I"D:/ITI/Eng_Tourkey/stmCubeWorkSpace/ITI_ARM/stm32f401Drivers/Inc" -O0 -ffunction-sections -fdata-sections -Wall -fstack-usage -fcyclomatic-complexity -MMD -MP -MF"Src/APP/TEST/lin_test.d" -MT"Src/APP/TEST/lin_test.o" --specs=nano.specs -mfpu=fpv4-sp-d16 -mfloat-abi=hard -mthumb -o "Src/APP/TEST/lin_test.o"
arm-none-eabi-gcc "../Src/APP/TEST/rcc_test.c" -mcpu=cortex-m4 -std=gnu11 -g3 -DDEBUG -DSTM32F401CCUx -DSTM32 -DSTM32F4 -c -I../Inc -I"D:/ITI/Eng_Tourkey/stmCubeWorkSpace/ITI_ARM/stm32f401Drivers/Inc" -O0 -ffunction-sections -fdata-sections -Wall -fstack-usage -fcyclomatic-complexity -MMD -MP -MF"Src/APP/TEST/rcc_test.d" -MT"Src/APP/TEST/rcc_test.o" --specs=nano.specs -mfpu=fpv4-sp-d16 -mfloat-abi=hard -mthumb -o "Src/APP/TEST/rcc_test.o"
arm-none-eabi-gcc "../Src/APP/TEST/rtos_test.c" -mcpu=cortex-m4 -std=gnu11 -g3 -DDEBUG -DSTM32F401CCUx -DSTM32 -DSTM32F4 -c -I../Inc -I"D:/ITI/Eng_Tourkey/stmCubeWorkSpace/ITI_ARM/stm32f401Drivers/Inc" -O0 -ffunction-sections -fdata-sections -Wall -fstack-usage -fcyclomatic-complexity -MMD -MP -MF"Src/APP/TEST/rtos_test.d" -MT"Src/APP/TEST/rtos_test.o" --specs=nano.specs -mfpu=fpv4-sp-d16 -mfloat-abi=hard -mthumb -o "Src/APP/TEST/rtos_test.o"
arm-none-eabi-gcc "../Src/APP/TEST/uart_test.c" -mcpu=cortex-m4 -std=gnu11 -g3 -DDEBUG -DSTM32F401CCUx -DSTM32 -DSTM32F4 -c -I../Inc -I"D:/ITI/Eng_Tourkey/stmCubeWorkSpace/ITI_ARM/stm32f401Drivers/Inc" -O0 -ffunction-sections -fdata-sections -Wall -fstack-usage -fcyclomatic-complexity -MMD -MP -MF"Src/APP/TEST/uart_test.d" -MT"Src/APP/TEST/uart_test.o" --specs=nano.specs -mfpu=fpv4-sp-d16 -mfloat-abi=hard -mthumb -o "Src/APP/TEST/uart_test.o"
arm-none-eabi-gcc -o "stm32f401Drivers.elf" @"objects.list"   -mcpu=cortex-m4 -T"D:\ITI\Eng_Tourkey\stmCubeWorkSpace\ITI_ARM\stm32f401Drivers\STM32F401CCUX_FLASH.ld" --specs=nosys.specs -Wl,-Map="stm32f401Drivers.map" -Wl,--gc-sections -static --specs=nano.specs -mfpu=fpv4-sp-d16 -mfloat-abi=hard -mthumb -Wl,--start-group -lc -lm -Wl,--end-group
C:/ST/STM32CubeIDE_1.14.1/STM32CubeIDE/plugins/com.st.stm32cube.ide.mcu.externaltools.gnu-tools-for-stm32.11.3.rel1.win32_1.1.100.202309141235/tools/bin/../lib/gcc/arm-none-eabi/11.3.1/../../../../arm-none-eabi/bin/ld.exe: C:/ST/STM32CubeIDE_1.14.1/STM32CubeIDE/plugins/com.st.stm32cube.ide.mcu.externaltools.gnu-tools-for-stm32.11.3.rel1.win32_1.1.100.202309141235/tools/bin/../lib/gcc/arm-none-eabi/11.3.1/../../../../arm-none-eabi/lib/thumb/v7e-m+fp/hard\libc_nano.a(libc_a-closer.o): in function `_close_r':
(.text._close_r+0xc): warning: _close is not implemented and will always fail
C:/ST/STM32CubeIDE_1.14.1/STM32CubeIDE/plugins/com.st.stm32cube.ide.mcu.externaltools.gnu-tools-for-stm32.11.3.rel1.win32_1.1.100.202309141235/tools/bin/../lib/gcc/arm-none-eabi/11.3.1/../../../../arm-none-eabi/bin/ld.exe: C:/ST/STM32CubeIDE_1.14.1/STM32CubeIDE/plugins/com.st.stm32cube.ide.mcu.externaltools.gnu-tools-for-stm32.11.3.rel1.win32_1.1.100.202309141235/tools/bin/../lib/gcc/arm-none-eabi/11.3.1/../../../../arm-none-eabi/lib/thumb/v7e-m+fp/hard\libc_nano.a(libc_a-lseekr.o): in function `_lseek_r':
(.text._lseek_r+0x10): warning: _lseek is not implemented and will always fail
C:/ST/STM32CubeIDE_1.14.1/STM32CubeIDE/plugins/com.st.stm32cube.ide.mcu.externaltools.gnu-tools-for-stm32.11.3.rel1.win32_1.1.100.202309141235/tools/bin/../lib/gcc/arm-none-eabi/11.3.1/../../../../arm-none-eabi/bin/ld.exe: C:/ST/STM32CubeIDE_1.14.1/STM32CubeIDE/plugins/com.st.stm32cube.ide.mcu.externaltools.gnu-tools-for-stm32.11.3.rel1.win32_1.1.100.202309141235/tools/bin/../lib/gcc/arm-none-eabi/11.3.1/../../../../arm-none-eabi/lib/thumb/v7e-m+fp/hard\libc_nano.a(libc_a-readr.o): in function `_read_r':
(.text._read_r+0x10): warning: _read is not implemented and will always fail
C:/ST/STM32CubeIDE_1.14.1/STM32CubeIDE/plugins/com.st.stm32cube.ide.mcu.externaltools.gnu-tools-for-stm32.11.3.rel1.win32_1.1.100.202309141235/tools/bin/../lib/gcc/arm-none-eabi/11.3.1/../../../../arm-none-eabi/bin/ld.exe: C:/ST/STM32CubeIDE_1.14.1/STM32CubeIDE/plugins/com.st.stm32cube.ide.mcu.externaltools.gnu-tools-for-stm32.11.3.rel1.win32_1.1.100.202309141235/tools/bin/../lib/gcc/arm-none-eabi/11.3.1/../../../../arm-none-eabi/lib/thumb/v7e-m+fp/hard\libc_nano.a(libc_a-writer.o): in function `_write_r':
(.text._write_r+0x10): warning: _write is not implemented and will always fail
Finished building target: stm32f401Drivers.elf
 
arm-none-eabi-size  stm32f401Drivers.elf 
arm-none-eabi-objdump -h -S stm32f401Drivers.elf  > "stm32f401Drivers.list"
arm-none-eabi-objcopy  -O ihex stm32f401Drivers.elf  "stm32f401Drivers.hex"
   text	   data	    bss	    dec	    hex	filename
   8252	     28	  17348	  25628	   641c	stm32f401Drivers.elf
Finished building: default.size.stdout
 
Finished building: stm32f401Drivers.hex
 
Finished building: stm32f401Drivers.list
 

09:53:37 Build Finished. 0 errors, 5 warnings. (took 7s.41ms)

